Component: Arm Compiler for Embedded 6.19 Tool: armlink [5e73cb00]

==============================================================================

Section Cross References

    startup_stm32g431xx.o(STACK) refers (Special) to heapauxi.o(.text) for __use_two_region_memory
    startup_stm32g431xx.o(HEAP) refers (Special) to heapauxi.o(.text) for __use_two_region_memory
    startup_stm32g431xx.o(RESET) refers (Special) to heapauxi.o(.text) for __use_two_region_memory
    startup_stm32g431xx.o(RESET) refers to startup_stm32g431xx.o(STACK) for __initial_sp
    startup_stm32g431xx.o(RESET) refers to startup_stm32g431xx.o(.text) for Reset_Handler
    startup_stm32g431xx.o(RESET) refers to stm32g4xx_it.o(.text.NMI_Handler) for NMI_Handler
    startup_stm32g431xx.o(RESET) refers to stm32g4xx_it.o(.text.HardFault_Handler) for HardFault_Handler
    startup_stm32g431xx.o(RESET) refers to stm32g4xx_it.o(.text.MemManage_Handler) for MemManage_Handler
    startup_stm32g431xx.o(RESET) refers to stm32g4xx_it.o(.text.BusFault_Handler) for BusFault_Handler
    startup_stm32g431xx.o(RESET) refers to stm32g4xx_it.o(.text.UsageFault_Handler) for UsageFault_Handler
    startup_stm32g431xx.o(RESET) refers to stm32g4xx_it.o(.text.SVC_Handler) for SVC_Handler
    startup_stm32g431xx.o(RESET) refers to stm32g4xx_it.o(.text.DebugMon_Handler) for DebugMon_Handler
    startup_stm32g431xx.o(RESET) refers to stm32g4xx_it.o(.text.PendSV_Handler) for PendSV_Handler
    startup_stm32g431xx.o(RESET) refers to biss_c_master_hal.o(.text.TIM7_IRQHandler) for TIM7_IRQHandler
    startup_stm32g431xx.o(.text) refers (Special) to heapauxi.o(.text) for __use_two_region_memory
    startup_stm32g431xx.o(.text) refers to system_stm32g4xx.o(.text.SystemInit) for SystemInit
    startup_stm32g431xx.o(.text) refers to __main.o(!!!main) for __main
    startup_stm32g431xx.o(.text) refers to startup_stm32g431xx.o(HEAP) for Heap_Mem
    startup_stm32g431xx.o(.text) refers to startup_stm32g431xx.o(STACK) for Stack_Mem
    uart.o(.text.EnqueueCommand) refers to uart.o(.bss.queue_cnt) for queue_cnt
    uart.o(.text.EnqueueCommand) refers to uart.o(.bss.queue_write_cnt) for queue_write_cnt
    uart.o(.text.EnqueueCommand) refers to uart.o(.bss.CommandQueue) for CommandQueue
    uart.o(.text.EnqueueCommand) refers to rt_memcpy_v6.o(.text) for __aeabi_memcpy
    uart.o(.ARM.exidx.text.EnqueueCommand) refers to uart.o(.text.EnqueueCommand) for [Anonymous Symbol]
    uart.o(.text.EnqueueCommandToBegining) refers to uart.o(.bss.queue_cnt) for queue_cnt
    uart.o(.text.EnqueueCommandToBegining) refers to uart.o(.bss.queue_read_cnt) for queue_read_cnt
    uart.o(.text.EnqueueCommandToBegining) refers to uart.o(.bss.CommandQueue) for CommandQueue
    uart.o(.text.EnqueueCommandToBegining) refers to rt_memcpy_v6.o(.text) for __aeabi_memcpy
    uart.o(.ARM.exidx.text.EnqueueCommandToBegining) refers to uart.o(.text.EnqueueCommandToBegining) for [Anonymous Symbol]
    uart.o(.text.UART_Config) refers to uart.o(.bss.usb_rx_buffer) for usb_rx_buffer
    uart.o(.text.UART_Config) refers to uart.o(.bss.usb_tx_buffer) for usb_tx_buffer
    uart.o(.ARM.exidx.text.UART_Config) refers to uart.o(.text.UART_Config) for [Anonymous Symbol]
    uart.o(.ARM.exidx.text.CalculateCRC) refers to uart.o(.text.CalculateCRC) for [Anonymous Symbol]
    uart.o(.ARM.exidx.text.CalculateCRCCircularBuffer) refers to uart.o(.text.CalculateCRCCircularBuffer) for [Anonymous Symbol]
    uart.o(.text.UART_Transmit) refers to uart.o(.bss.usb_tx_buffer) for usb_tx_buffer
    uart.o(.text.UART_Transmit) refers to rt_memcpy_v6.o(.text) for __aeabi_memcpy
    uart.o(.ARM.exidx.text.UART_Transmit) refers to uart.o(.text.UART_Transmit) for [Anonymous Symbol]
    uart.o(.text.UART_StateMachine) refers to biss_c_master.o(.text.IsBiSSReqBusy) for IsBiSSReqBusy
    uart.o(.text.UART_StateMachine) refers to uart.o(.bss.UART_TX) for UART_TX
    uart.o(.text.UART_StateMachine) refers to uart.o(.text.UART_Transmit) for UART_Transmit
    uart.o(.text.UART_StateMachine) refers to biss_c_master.o(.text.BiSSResetExternalState) for BiSSResetExternalState
    uart.o(.text.UART_StateMachine) refers to uart.o(.bss.UART_State) for UART_State
    uart.o(.text.UART_StateMachine) refers to uart.o(.bss.dma_rx_cnt) for dma_rx_cnt
    uart.o(.text.UART_StateMachine) refers to uart.o(.bss.queue_cnt) for queue_cnt
    uart.o(.text.UART_StateMachine) refers to uart.o(.bss.hex_line_buffer) for hex_line_buffer
    uart.o(.text.UART_StateMachine) refers to rt_memclr_w.o(.text) for __aeabi_memclr4
    uart.o(.text.UART_StateMachine) refers to uart.o(.bss.uart_length) for uart_length
    uart.o(.text.UART_StateMachine) refers to uart.o(.bss.uart_expected_length) for uart_expected_length
    uart.o(.text.UART_StateMachine) refers to uart.o(.bss.usb_rx_buffer) for usb_rx_buffer
    uart.o(.text.UART_StateMachine) refers to uart.o(.bss.UART_Error) for UART_Error
[...]
    Removing stm32g4xx_ll_exti.o(.ARM.exidx.text.LL_EXTI_DeInit), (8 bytes).
    Removing stm32g4xx_ll_exti.o(.text.LL_EXTI_Init), (364 bytes).
    Removing stm32g4xx_ll_exti.o(.ARM.exidx.text.LL_EXTI_Init), (8 bytes).
    Removing stm32g4xx_ll_exti.o(.text.LL_EXTI_StructInit), (14 bytes).
    Removing stm32g4xx_ll_exti.o(.ARM.exidx.text.LL_EXTI_StructInit), (8 bytes).
    Removing stm32g4xx_ll_gpio.o(.text), (0 bytes).
    Removing stm32g4xx_ll_gpio.o(.text.LL_GPIO_DeInit), (112 bytes).
    Removing stm32g4xx_ll_gpio.o(.ARM.exidx.text.LL_GPIO_DeInit), (8 bytes).
    Removing stm32g4xx_ll_gpio.o(.ARM.exidx.text.LL_GPIO_Init), (8 bytes).
    Removing stm32g4xx_ll_gpio.o(.text.LL_GPIO_StructInit), (20 bytes).
    Removing stm32g4xx_ll_gpio.o(.ARM.exidx.text.LL_GPIO_StructInit), (8 bytes).
    Removing stm32g4xx_ll_adc.o(.text), (0 bytes).
    Removing stm32g4xx_ll_adc.o(.text.LL_ADC_CommonDeInit), (40 bytes).
    Removing stm32g4xx_ll_adc.o(.ARM.exidx.text.LL_ADC_CommonDeInit), (8 bytes).
    Removing stm32g4xx_ll_adc.o(.ARM.exidx.text.LL_ADC_CommonInit), (8 bytes).
    Removing stm32g4xx_ll_adc.o(.text.LL_ADC_CommonStructInit), (16 bytes).
    Removing stm32g4xx_ll_adc.o(.ARM.exidx.text.LL_ADC_CommonStructInit), (8 bytes).
    Removing stm32g4xx_ll_adc.o(.ARM.exidx.text.LL_ADC_DeInit), (8 bytes).
    Removing stm32g4xx_ll_adc.o(.ARM.exidx.text.LL_ADC_Init), (8 bytes).
    Removing stm32g4xx_ll_adc.o(.text.LL_ADC_StructInit), (10 bytes).
    Removing stm32g4xx_ll_adc.o(.ARM.exidx.text.LL_ADC_StructInit), (8 bytes).
    Removing stm32g4xx_ll_adc.o(.ARM.exidx.text.LL_ADC_REG_Init), (8 bytes).
    Removing stm32g4xx_ll_adc.o(.text.LL_ADC_REG_StructInit), (18 bytes).
    Removing stm32g4xx_ll_adc.o(.ARM.exidx.text.LL_ADC_REG_StructInit), (8 bytes).
    Removing stm32g4xx_ll_adc.o(.text.LL_ADC_INJ_Init), (68 bytes).
    Removing stm32g4xx_ll_adc.o(.ARM.exidx.text.LL_ADC_INJ_Init), (8 bytes).
    Removing stm32g4xx_ll_adc.o(.text.LL_ADC_INJ_StructInit), (12 bytes).
    Removing stm32g4xx_ll_adc.o(.ARM.exidx.text.LL_ADC_INJ_StructInit), (8 bytes).
    Removing stm32g4xx_ll_dma.o(.text), (0 bytes).
    Removing stm32g4xx_ll_dma.o(.text.LL_DMA_DeInit), (374 bytes).
    Removing stm32g4xx_ll_dma.o(.ARM.exidx.text.LL_DMA_DeInit), (8 bytes).
    Removing stm32g4xx_ll_dma.o(.text.LL_DMA_Init), (132 bytes).
    Removing stm32g4xx_ll_dma.o(.ARM.exidx.text.LL_DMA_Init), (8 bytes).
    Removing stm32g4xx_ll_dma.o(.text.LL_DMA_StructInit), (10 bytes).
    Removing stm32g4xx_ll_dma.o(.ARM.exidx.text.LL_DMA_StructInit), (8 bytes).
    Removing stm32g4xx_ll_cordic.o(.text), (0 bytes).
    Removing stm32g4xx_ll_cordic.o(.text.LL_CORDIC_DeInit), (40 bytes).
    Removing stm32g4xx_ll_cordic.o(.ARM.exidx.text.LL_CORDIC_DeInit), (8 bytes).
    Removing stm32g4xx_ll_lpuart.o(.text), (0 bytes).
    Removing stm32g4xx_ll_lpuart.o(.text.LL_LPUART_DeInit), (44 bytes).
    Removing stm32g4xx_ll_lpuart.o(.ARM.exidx.text.LL_LPUART_DeInit), (8 bytes).
    Removing stm32g4xx_ll_lpuart.o(.ARM.exidx.text.LL_LPUART_Init), (8 bytes).
    Removing stm32g4xx_ll_lpuart.o(.text.LL_LPUART_StructInit), (24 bytes).
    Removing stm32g4xx_ll_lpuart.o(.ARM.exidx.text.LL_LPUART_StructInit), (8 bytes).
    Removing stm32g4xx_ll_rcc.o(.text), (0 bytes).
    Removing stm32g4xx_ll_rcc.o(.text.LL_RCC_DeInit), (94 bytes).
    Removing stm32g4xx_ll_rcc.o(.ARM.exidx.text.LL_RCC_DeInit), (8 bytes).
    Removing stm32g4xx_ll_rcc.o(.text.LL_RCC_GetSystemClocksFreq), (86 bytes).
    Removing stm32g4xx_ll_rcc.o(.ARM.exidx.text.LL_RCC_GetSystemClocksFreq), (8 bytes).
    Removing stm32g4xx_ll_rcc.o(.ARM.exidx.text.RCC_GetSystemClockFreq), (8 bytes).
    Removing stm32g4xx_ll_rcc.o(.ARM.exidx.text.LL_RCC_GetUSARTClockFreq), (8 bytes).
    Removing stm32g4xx_ll_rcc.o(.ARM.exidx.text.LL_RCC_GetUARTClockFreq), (8 bytes).
    Removing stm32g4xx_ll_rcc.o(.text.LL_RCC_GetI2CClockFreq), (234 bytes).
    Removing stm32g4xx_ll_rcc.o(.ARM.exidx.text.LL_RCC_GetI2CClockFreq), (8 bytes).
    Removing stm32g4xx_ll_rcc.o(.ARM.exidx.text.LL_RCC_GetLPUARTClockFreq), (8 bytes).
    Removing stm32g4xx_ll_rcc.o(.text.LL_RCC_GetLPTIMClockFreq), (134 bytes).
    Removing stm32g4xx_ll_rcc.o(.ARM.exidx.text.LL_RCC_GetLPTIMClockFreq), (8 bytes).
    Removing stm32g4xx_ll_rcc.o(.text.LL_RCC_GetSAIClockFreq), (160 bytes).
    Removing stm32g4xx_ll_rcc.o(.ARM.exidx.text.LL_RCC_GetSAIClockFreq), (8 bytes).
    Removing stm32g4xx_ll_rcc.o(.text.LL_RCC_GetI2SClockFreq), (160 bytes).
    Removing stm32g4xx_ll_rcc.o(.ARM.exidx.text.LL_RCC_GetI2SClockFreq), (8 bytes).
    Removing stm32g4xx_ll_rcc.o(.text.LL_RCC_GetFDCANClockFreq), (198 bytes).
    Removing stm32g4xx_ll_rcc.o(.ARM.exidx.text.LL_RCC_GetFDCANClockFreq), (8 bytes).
    Removing stm32g4xx_ll_rcc.o(.text.LL_RCC_GetRNGClockFreq), (142 bytes).
    Removing stm32g4xx_ll_rcc.o(.ARM.exidx.text.LL_RCC_GetRNGClockFreq), (8 bytes).
    Removing stm32g4xx_ll_rcc.o(.text.LL_RCC_GetUSBClockFreq), (142 bytes).
    Removing stm32g4xx_ll_rcc.o(.ARM.exidx.text.LL_RCC_GetUSBClockFreq), (8 bytes).
    Removing stm32g4xx_ll_rcc.o(.text.LL_RCC_GetADCClockFreq), (170 bytes).
    Removing stm32g4xx_ll_rcc.o(.ARM.exidx.text.LL_RCC_GetADCClockFreq), (8 bytes).
    Removing stm32g4xx_ll_usart.o(.text), (0 bytes).
    Removing stm32g4xx_ll_usart.o(.text.LL_USART_DeInit), (170 bytes).
    Removing stm32g4xx_ll_usart.o(.ARM.exidx.text.LL_USART_DeInit), (8 bytes).
    Removing stm32g4xx_ll_usart.o(.ARM.exidx.text.LL_USART_Init), (8 bytes).
    Removing stm32g4xx_ll_usart.o(.text.LL_USART_StructInit), (26 bytes).
    Removing stm32g4xx_ll_usart.o(.ARM.exidx.text.LL_USART_StructInit), (8 bytes).
    Removing stm32g4xx_ll_usart.o(.text.LL_USART_ClockInit), (44 bytes).
    Removing stm32g4xx_ll_usart.o(.ARM.exidx.text.LL_USART_ClockInit), (8 bytes).
    Removing stm32g4xx_ll_usart.o(.text.LL_USART_ClockStructInit), (12 bytes).
    Removing stm32g4xx_ll_usart.o(.ARM.exidx.text.LL_USART_ClockStructInit), (8 bytes).
    Removing stm32g4xx_ll_spi.o(.text), (0 bytes).
    Removing stm32g4xx_ll_spi.o(.ARM.exidx.text.LL_SPI_DeInit), (8 bytes).
    Removing stm32g4xx_ll_spi.o(.text.LL_SPI_Init), (128 bytes).
    Removing stm32g4xx_ll_spi.o(.ARM.exidx.text.LL_SPI_Init), (8 bytes).
    Removing stm32g4xx_ll_spi.o(.text.LL_SPI_StructInit), (32 bytes).
    Removing stm32g4xx_ll_spi.o(.ARM.exidx.text.LL_SPI_StructInit), (8 bytes).
    Removing stm32g4xx_ll_spi.o(.text.LL_I2S_DeInit), (4 bytes).
    Removing stm32g4xx_ll_spi.o(.ARM.exidx.text.LL_I2S_DeInit), (8 bytes).
    Removing stm32g4xx_ll_spi.o(.text.LL_I2S_Init), (148 bytes).
    Removing stm32g4xx_ll_spi.o(.ARM.exidx.text.LL_I2S_Init), (8 bytes).
    Removing stm32g4xx_ll_spi.o(.text.LL_I2S_StructInit), (18 bytes).
    Removing stm32g4xx_ll_spi.o(.ARM.exidx.text.LL_I2S_StructInit), (8 bytes).
    Removing stm32g4xx_ll_spi.o(.text.LL_I2S_ConfigPrescaler), (22 bytes).
    Removing stm32g4xx_ll_spi.o(.ARM.exidx.text.LL_I2S_ConfigPrescaler), (8 bytes).
    Removing stm32g4xx_ll_pwr.o(.text), (0 bytes).
    Removing stm32g4xx_ll_pwr.o(.text.LL_PWR_DeInit), (28 bytes).
    Removing stm32g4xx_ll_pwr.o(.ARM.exidx.text.LL_PWR_DeInit), (8 bytes).
    Removing stm32g4xx_ll_tim.o(.text), (0 bytes).
    Removing stm32g4xx_ll_tim.o(.text.LL_TIM_DeInit), (406 bytes).
    Removing stm32g4xx_ll_tim.o(.ARM.exidx.text.LL_TIM_DeInit), (8 bytes).
    Removing stm32g4xx_ll_tim.o(.text.LL_TIM_StructInit), (18 bytes).
    Removing stm32g4xx_ll_tim.o(.ARM.exidx.text.LL_TIM_StructInit), (8 bytes).
    Removing stm32g4xx_ll_tim.o(.ARM.exidx.text.LL_TIM_Init), (8 bytes).
    Removing stm32g4xx_ll_tim.o(.text.LL_TIM_OC_StructInit), (10 bytes).
    Removing stm32g4xx_ll_tim.o(.ARM.exidx.text.LL_TIM_OC_StructInit), (8 bytes).
    Removing stm32g4xx_ll_tim.o(.text.LL_TIM_OC_Init), (840 bytes).
    Removing stm32g4xx_ll_tim.o(.ARM.exidx.text.LL_TIM_OC_Init), (8 bytes).
    Removing stm32g4xx_ll_tim.o(.text.LL_TIM_IC_StructInit), (16 bytes).
    Removing stm32g4xx_ll_tim.o(.ARM.exidx.text.LL_TIM_IC_StructInit), (8 bytes).
    Removing stm32g4xx_ll_tim.o(.text.LL_TIM_IC_Init), (228 bytes).
    Removing stm32g4xx_ll_tim.o(.ARM.exidx.text.LL_TIM_IC_Init), (8 bytes).
    Removing stm32g4xx_ll_tim.o(.text.LL_TIM_ENCODER_StructInit), (26 bytes).
    Removing stm32g4xx_ll_tim.o(.ARM.exidx.text.LL_TIM_ENCODER_StructInit), (8 bytes).
    Removing stm32g4xx_ll_tim.o(.text.LL_TIM_ENCODER_Init), (106 bytes).
    Removing stm32g4xx_ll_tim.o(.ARM.exidx.text.LL_TIM_ENCODER_Init), (8 bytes).
    Removing stm32g4xx_ll_tim.o(.text.LL_TIM_HALLSENSOR_StructInit), (12 bytes).
    Removing stm32g4xx_ll_tim.o(.ARM.exidx.text.LL_TIM_HALLSENSOR_StructInit), (8 bytes).
    Removing stm32g4xx_ll_tim.o(.text.LL_TIM_HALLSENSOR_Init), (98 bytes).
    Removing stm32g4xx_ll_tim.o(.ARM.exidx.text.LL_TIM_HALLSENSOR_Init), (8 bytes).
    Removing stm32g4xx_ll_tim.o(.text.LL_TIM_BDTR_StructInit), (26 bytes).
    Removing stm32g4xx_ll_tim.o(.ARM.exidx.text.LL_TIM_BDTR_StructInit), (8 bytes).
    Removing stm32g4xx_ll_tim.o(.text.LL_TIM_BDTR_Init), (156 bytes).
    Removing stm32g4xx_ll_tim.o(.ARM.exidx.text.LL_TIM_BDTR_Init), (8 bytes).
    Removing system_stm32g4xx.o(.text), (0 bytes).
    Removing system_stm32g4xx.o(.ARM.exidx.text.SystemInit), (8 bytes).
    Removing system_stm32g4xx.o(.text.SystemCoreClockUpdate), (150 bytes).
    Removing system_stm32g4xx.o(.ARM.exidx.text.SystemCoreClockUpdate), (8 bytes).
    Removing biss_c_master_hal.o(.text), (0 bytes).
    Removing biss_c_master_hal.o(.ARM.exidx.text.BissRequest_CDM), (8 bytes).
    Removing biss_c_master_hal.o(.ARM.exidx.text.BiSS1_SPI_CDM_Req), (8 bytes).
    Removing biss_c_master_hal.o(.ARM.exidx.text.BiSS2_SPI_CDM_Req), (8 bytes).
    Removing biss_c_master_hal.o(.ARM.exidx.text.BissRequest_nCDM), (8 bytes).
    Removing biss_c_master_hal.o(.ARM.exidx.text.BiSS1_SPI_nCDM_Req), (8 bytes).
    Removing biss_c_master_hal.o(.ARM.exidx.text.BiSS2_SPI_nCDM_Req), (8 bytes).
    Removing biss_c_master_hal.o(.ARM.exidx.text.TIM7_IRQHandler), (8 bytes).
    Removing biss_c_master_hal.o(.ARM.exidx.text.Current_Sensor_Init), (8 bytes).
    Removing biss_c_master_hal.o(.ARM.exidx.text.BiSS_C_Master_HAL_Init), (8 bytes).
    Removing biss_c_master_hal.o(.ARM.exidx.text.BISS1_SPI_Init), (8 bytes).
    Removing biss_c_master_hal.o(.ARM.exidx.text.BISS2_SPI_Init), (8 bytes).
    Removing biss_c_master_hal.o(.ARM.exidx.text.MX_TIM3_ENC_Init), (8 bytes).
    Removing biss_c_master_hal.o(.ARM.exidx.text.EncoderPowerEnable), (8 bytes).
    Removing biss_c_master_hal.o(.ARM.exidx.text.EncoderPowerDisable), (8 bytes).
    Removing biss_c_master_hal.o(.ARM.exidx.text.EncoderSecondPowerEnable), (8 bytes).
    Removing biss_c_master_hal.o(.ARM.exidx.text.EncoderSecondPowerDisable), (8 bytes).
    Removing biss_c_master_hal.o(.ARM.exidx.text.USART2_Write_Read_IRS), (8 bytes).
    Removing biss_c_master_hal.o(.ARM.exidx.text.Reenable_USART2_RX), (8 bytes).
    Removing biss_c_master_hal.o(.ARM.exidx.text.Read_Current_Enc2), (8 bytes).
    Removing biss_c_master_hal.o(.ARM.exidx.text.SetBiSS_SPI_Ch), (8 bytes).
    Removing biss_c_master_hal.o(.ARM.exidx.text.SetCh1SSIFreq), (8 bytes).
    Removing biss_c_master_hal.o(.ARM.exidx.text.Stop_Current_Mode), (8 bytes).
    Removing biss_c_master_hal.o(.ARM.exidx.text.BISS1_SPI_DeInit), (8 bytes).
    Removing biss_c_master_hal.o(.ARM.exidx.text.BISS2_SPI_DeInit), (8 bytes).
    Removing biss_c_master_hal.o(.ARM.exidx.text.Quadrature_Renishaw_DeInit), (8 bytes).
    Removing biss_c_master_hal.o(.ARM.exidx.text.Change_Current_Mode), (8 bytes).
    Removing biss_c_master_hal.o(.ARM.exidx.text.Change_Current_Sensor_Mode), (8 bytes).
    Removing biss_c_master.o(.text), (0 bytes).
    Removing biss_c_master.o(.ARM.exidx.text.IsBiSSReqBusy), (8 bytes).
    Removing biss_c_master.o(.ARM.exidx.text.BiSSRequestRead), (8 bytes).
    Removing biss_c_master.o(.ARM.exidx.text.BiSSRequestWrite), (8 bytes).
    Removing biss_c_master.o(.ARM.exidx.text.BiSS_C_Master_StateMachine), (8 bytes).
    Removing biss_c_master.o(.ARM.exidx.text.BiSSResetExternalState), (8 bytes).
    Removing biss_c_master.o(.ARM.exidx.text.BiSSGetFaultState), (8 bytes).

210 unused section(s) (total 7747 bytes) removed from the image.

==============================================================================

Image Symbol Table

    Local Symbols

    Symbol Name                              Value     Ov Type        Size  Object(Section)

    ../clib/angel/boardlib.s                 0x00000000   Number         0  boardinit1.o ABSOLUTE
    ../clib/angel/boardlib.s                 0x00000000   Number         0  boardinit2.o ABSOLUTE
    ../clib/angel/boardlib.s                 0x00000000   Number         0  boardinit3.o ABSOLUTE
    ../clib/angel/boardlib.s                 0x00000000   Number         0  boardshut.o ABSOLUTE
    ../clib/angel/handlers.s                 0x00000000   Number         0  __scatter_copy.o ABSOLUTE
    ../clib/angel/handlers.s                 0x00000000   Number         0  __scatter_zi.o ABSOLUTE
    ../clib/angel/kernel.s                   0x00000000   Number         0  __rtentry.o ABSOLUTE
    ../clib/angel/kernel.s                   0x00000000   Number         0  __rtentry2.o ABSOLUTE
    ../clib/angel/kernel.s                   0x00000000   Number         0  __rtentry4.o ABSOLUTE
    ../clib/angel/kernel.s                   0x00000000   Number         0  rtexit.o ABSOLUTE
    ../clib/angel/kernel.s                   0x00000000   Number         0  rtexit2.o ABSOLUTE
    ../clib/angel/rt.s                       0x00000000   Number         0  aeabi_ldiv0.o ABSOLUTE
    ../clib/angel/rt.s                       0x00000000   Number         0  aeabi_ldiv0_sigfpe.o ABSOLUTE
    ../clib/angel/rt.s                       0x00000000   Number         0  rt_div0.o ABSOLUTE
    ../clib/angel/rt.s                       0x00000000   Number         0  rt_raise.o ABSOLUTE
    ../clib/angel/scatter.s                  0x00000000   Number         0  __scatter.o ABSOLUTE
    ../clib/angel/startup.s                  0x00000000   Number         0  __main.o ABSOLUTE
    ../clib/angel/sys.s                      0x00000000   Number         0  sys_stackheap_outer.o ABSOLUTE
    ../clib/angel/sys.s                      0x00000000   Number         0  libspace.o ABSOLUTE
    ../clib/angel/sys.s                      0x00000000   Number         0  use_no_semi.o ABSOLUTE
    ../clib/angel/sys.s                      0x00000000   Number         0  indicate_semi.o ABSOLUTE
    ../clib/angel/sysapp.c                   0x00000000   Number         0  sys_exit.o ABSOLUTE
    ../clib/angel/sysapp.c                   0x00000000   Number         0  sys_exit_hlt.o ABSOLUTE
    ../clib/angel/sysapp.c                   0x00000000   Number         0  sys_wrch.o ABSOLUTE
    ../clib/angel/sysapp.c                   0x00000000   Number         0  sys_wrch_hlt.o ABSOLUTE
    ../clib/angel/sysapp.c                   0x00000000   Number         0  sys_command.o ABSOLUTE
    ../clib/angel/sysapp.c                   0x00000000   Number         0  sys_command_hlt.o ABSOLUTE
    ../clib/armsys.c                         0x00000000   Number         0  argv_veneer.o ABSOLUTE
    ../clib/armsys.c                         0x00000000   Number         0  argv_veneer.o ABSOLUTE
    ../clib/armsys.c                         0x00000000   Number         0  _get_argv_nomalloc.o ABSOLUTE
    ../clib/armsys.c                         0x00000000   Number         0  no_argv.o ABSOLUTE
    ../clib/heapalloc.c                      0x00000000   Number         0  hrguard.o ABSOLUTE
    ../clib/heapaux.c                        0x00000000   Number         0  heapauxi.o ABSOLUTE
    ../clib/libinit.s                        0x00000000   Number         0  libinit.o ABSOLUTE
    ../clib/libinit.s                        0x00000000   Number         0  libinit2.o ABSOLUTE
    ../clib/libinit.s                        0x00000000   Number         0  libshutdown.o ABSOLUTE
    ../clib/libinit.s                        0x00000000   Number         0  libshutdown2.o ABSOLUTE
    ../clib/longlong.s                       0x00000000   Number         0  lludivv7m.o ABSOLUTE
    ../clib/memcpset.s                       0x00000000   Number         0  rt_memcpy_v6.o ABSOLUTE
    ../clib/memcpset.s                       0x00000000   Number         0  rt_memclr.o ABSOLUTE
    ../clib/memcpset.s                       0x00000000   Number         0  rt_memclr_w.o ABSOLUTE
    ../clib/memcpset.s                       0x00000000   Number         0  rt_memcpy_w.o ABSOLUTE
    ../clib/signal.c                         0x00000000   Number         0  defsig_fpe_outer.o ABSOLUTE
    ../clib/signal.c                         0x00000000   Number         0  defsig_fpe_formal.o ABSOLUTE
    ../clib/signal.c                         0x00000000   Number         0  defsig_exit.o ABSOLUTE
    ../clib/signal.c                         0x00000000   Number         0  defsig_fpe_inner.o ABSOLUTE
    ../clib/signal.c                         0x00000000   Number         0  __raise.o ABSOLUTE
    ../clib/signal.c                         0x00000000   Number         0  defsig_general.o ABSOLUTE
    ../clib/signal.c                         0x00000000   Number         0  defsig_abrt_inner.o ABSOLUTE
    ../clib/signal.c                         0x00000000   Number         0  defsig_rtred_inner.o ABSOLUTE
    ../clib/signal.c                         0x00000000   Number         0  defsig_rtmem_inner.o ABSOLUTE
    ../clib/signal.c                         0x00000000   Number         0  defsig_rtmem_outer.o ABSOLUTE
    ../clib/signal.c                         0x00000000   Number         0  defsig_rtmem_formal.o ABSOLUTE
    ../clib/signal.c                         0x00000000   Number         0  defsig_stak_inner.o ABSOLUTE
    ../clib/signal.c                         0x00000000   Number         0  defsig_pvfn_inner.o ABSOLUTE
    ../clib/signal.c                         0x00000000   Number         0  defsig_cppl_inner.o ABSOLUTE
    ../clib/signal.c                         0x00000000   Number         0  defsig_segv_inner.o ABSOLUTE
    ../clib/signal.c                         0x00000000   Number         0  defsig_other.o ABSOLUTE
    ../clib/signal.s                         0x00000000   Number         0  defsig.o ABSOLUTE
    ../clib/stdlib.c                         0x00000000   Number         0  exit.o ABSOLUTE
    ../fplib/fpinit.s                        0x00000000   Number         0  fpinit.o ABSOLUTE
    biss_c_master.c                          0x00000000   Number         0  biss_c_master.o ABSOLUTE
    biss_c_master_hal.c                      0x00000000   Number         0  biss_c_master_hal.o ABSOLUTE
    dc.s                                     0x00000000   Number         0  dc.o ABSOLUTE
    main.c                                   0x00000000   Number         0  main.o ABSOLUTE
    startup_stm32g431xx.s                    0x00000000   Number         0  startup_stm32g431xx.o ABSOLUTE
    stm32g4xx_it.c                           0x00000000   Number         0  stm32g4xx_it.o ABSOLUTE
    stm32g4xx_ll_adc.c                       0x00000000   Number         0  stm32g4xx_ll_adc.o ABSOLUTE
    stm32g4xx_ll_cordic.c                    0x00000000   Number         0  stm32g4xx_ll_cordic.o ABSOLUTE
    stm32g4xx_ll_dma.c                       0x00000000   Number         0  stm32g4xx_ll_dma.o ABSOLUTE
    stm32g4xx_ll_exti.c                      0x00000000   Number         0  stm32g4xx_ll_exti.o ABSOLUTE
    stm32g4xx_ll_gpio.c                      0x00000000   Number         0  stm32g4xx_ll_gpio.o ABSOLUTE
    stm32g4xx_ll_lpuart.c                    0x00000000   Number         0  stm32g4xx_ll_lpuart.o ABSOLUTE
    stm32g4xx_ll_pwr.c                       0x00000000   Number         0  stm32g4xx_ll_pwr.o ABSOLUTE
    stm32g4xx_ll_rcc.c                       0x00000000   Number         0  stm32g4xx_ll_rcc.o ABSOLUTE
    stm32g4xx_ll_spi.c                       0x00000000   Number         0  stm32g4xx_ll_spi.o ABSOLUTE
    stm32g4xx_ll_tim.c                       0x00000000   Number         0  stm32g4xx_ll_tim.o ABSOLUTE
    stm32g4xx_ll_usart.c                     0x00000000   Number         0  stm32g4xx_ll_usart.o ABSOLUTE
    stm32g4xx_ll_utils.c                     0x00000000   Number         0  stm32g4xx_ll_utils.o ABSOLUTE
    system_stm32g4xx.c                       0x00000000   Number         0  system_stm32g4xx.o ABSOLUTE
    uart.c                                   0x00000000   Number         0  uart.o ABSOLUTE
    RESET                                    0x08000000   Section      472  startup_stm32g431xx.o(RESET)
    !!!main                                  0x080001d8   Section        8  __main.o(!!!main)
    !!!scatter                               0x080001e0   Section       52  __scatter.o(!!!scatter)
    !!handler_copy                           0x08000214   Section       26  __scatter_copy.o(!!handler_copy)
    !!handler_zi                             0x08000230   Section       28  __scatter_zi.o(!!handler_zi)
    .ARM.Collect$$libinit$$00000000          0x0800024c   Section        2  libinit.o(.ARM.Collect$$libinit$$00000000)
    .ARM.Collect$$libinit$$00000001          0x0800024e   Section        4  libinit2.o(.ARM.Collect$$libinit$$00000001)
    .ARM.Collect$$libinit$$00000004          0x08000252   Section        0  libinit2.o(.ARM.Collect$$libinit$$00000004)
    .ARM.Collect$$libinit$$00000006          0x08000252   Section        0  libinit2.o(.ARM.Collect$$libinit$$00000006)
    .ARM.Collect$$libinit$$0000000C          0x08000252   Section        0  libinit2.o(.ARM.Collect$$libinit$$0000000C)
    .ARM.Collect$$libinit$$0000000E          0x08000252   Section        0  libinit2.o(.ARM.Collect$$libinit$$0000000E)
    .ARM.Collect$$libinit$$00000010          0x08000252   Section        0  libinit2.o(.ARM.Collect$$libinit$$00000010)
    .ARM.Collect$$libinit$$00000013          0x08000252   Section        0  libinit2.o(.ARM.Collect$$libinit$$00000013)
    .ARM.Collect$$libinit$$00000015          0x08000252   Section        0  libinit2.o(.ARM.Collect$$libinit$$00000015)
    .ARM.Collect$$libinit$$00000017          0x08000252   Section        0  libinit2.o(.ARM.Collect$$libinit$$00000017)
    .ARM.Collect$$libinit$$00000019          0x08000252   Section        0  libinit2.o(.ARM.Collect$$libinit$$00000019)
    .ARM.Collect$$libinit$$0000001B          0x08000252   Section        0  libinit2.o(.ARM.Collect$$libinit$$0000001B)
    .ARM.Collect$$libinit$$0000001D          0x08000252   Section        0  libinit2.o(.ARM.Collect$$libinit$$0000001D)
    .ARM.Collect$$libinit$$0000001F          0x08000252   Section        0  libinit2.o(.ARM.Collect$$libinit$$0000001F)
    .ARM.Collect$$libinit$$00000021          0x08000252   Section        0  libinit2.o(.ARM.Collect$$libinit$$00000021)
    .ARM.Collect$$libinit$$00000023          0x08000252   Section        0  libinit2.o(.ARM.Collect$$libinit$$00000023)
    .ARM.Collect$$libinit$$00000025          0x08000252   Section        0  libinit2.o(.ARM.Collect$$libinit$$00000025)
    .ARM.Collect$$libinit$$00000027          0x08000252   Section        0  libinit2.o(.ARM.Collect$$libinit$$00000027)
    .ARM.Collect$$libinit$$0000002E          0x08000252   Section        0  libinit2.o(.ARM.Collect$$libinit$$0000002E)
    .ARM.Collect$$libinit$$00000030          0x08000252   Section        0  libinit2.o(.ARM.Collect$$libinit$$00000030)
    .ARM.Collect$$libinit$$00000032          0x08000252   Section        0  libinit2.o(.ARM.Collect$$libinit$$00000032)
    .ARM.Collect$$libinit$$00000034          0x08000252   Section        0  libinit2.o(.ARM.Collect$$libinit$$00000034)
    .ARM.Collect$$libinit$$00000035          0x08000252   Section        2  libinit2.o(.ARM.Collect$$libinit$$00000035)
    .ARM.Collect$$libshutdown$$00000000      0x08000254   Section        2  libshutdown.o(.ARM.Collect$$libshutdown$$00000000)
    .ARM.Collect$$libshutdown$$00000002      0x08000256   Section        0  libshutdown2.o(.ARM.Collect$$libshutdown$$00000002)
    .ARM.Collect$$libshutdown$$00000004      0x08000256   Section        0  libshutdown2.o(.ARM.Collect$$libshutdown$$00000004)
    .ARM.Collect$$libshutdown$$00000007      0x08000256   Section        0  libshutdown2.o(.ARM.Collect$$libshutdown$$00000007)
    .ARM.Collect$$libshutdown$$0000000A      0x08000256   Section        0  libshutdown2.o(.ARM.Collect$$libshutdown$$0000000A)
    .ARM.Collect$$libshutdown$$0000000C      0x08000256   Section        0  libshutdown2.o(.ARM.Collect$$libshutdown$$0000000C)
    .ARM.Collect$$libshutdown$$0000000F      0x08000256   Section        0  libshutdown2.o(.ARM.Collect$$libshutdown$$0000000F)
    .ARM.Collect$$libshutdown$$00000010      0x08000256   Section        2  libshutdown2.o(.ARM.Collect$$libshutdown$$00000010)
    .ARM.Collect$$rtentry$$00000000          0x08000258   Section        0  __rtentry.o(.ARM.Collect$$rtentry$$00000000)
    .ARM.Collect$$rtentry$$00000002          0x08000258   Section        0  __rtentry2.o(.ARM.Collect$$rtentry$$00000002)
    .ARM.Collect$$rtentry$$00000004          0x08000258   Section        6  __rtentry4.o(.ARM.Collect$$rtentry$$00000004)
    .ARM.Collect$$rtentry$$00000009          0x0800025e   Section        0  __rtentry2.o(.ARM.Collect$$rtentry$$00000009)
    .ARM.Collect$$rtentry$$0000000A          0x0800025e   Section        4  __rtentry2.o(.ARM.Collect$$rtentry$$0000000A)
    .ARM.Collect$$rtentry$$0000000C          0x08000262   Section        0  __rtentry2.o(.ARM.Collect$$rtentry$$0000000C)
    .ARM.Collect$$rtentry$$0000000D          0x08000262   Section        8  __rtentry2.o(.ARM.Collect$$rtentry$$0000000D)
    .ARM.Collect$$rtexit$$00000000           0x0800026a   Section        2  rtexit.o(.ARM.Collect$$rtexit$$00000000)
    .ARM.Collect$$rtexit$$00000002           0x0800026c   Section        0  rtexit2.o(.ARM.Collect$$rtexit$$00000002)
    .ARM.Collect$$rtexit$$00000003           0x0800026c   Section        4  rtexit2.o(.ARM.Collect$$rtexit$$00000003)
    .ARM.Collect$$rtexit$$00000004           0x08000270   Section        6  rtexit2.o(.ARM.Collect$$rtexit$$00000004)
    $v0                                      0x08000278   Number         0  startup_stm32g431xx.o(.text)
    .text                                    0x08000278   Section       64  startup_stm32g431xx.o(.text)
    .text                                    0x080002b8   Section      240  lludivv7m.o(.text)
    .text                                    0x080003a8   Section      138  rt_memcpy_v6.o(.text)
    .text                                    0x08000432   Section       78  rt_memclr_w.o(.text)
    .text                                    0x08000480   Section        0  heapauxi.o(.text)
    .text                                    0x08000486   Section      100  rt_memcpy_w.o(.text)
    .text                                    0x080004ea   Section       74  sys_stackheap_outer.o(.text)
    .text                                    0x08000534   Section        0  exit.o(.text)
    .text                                    0x08000548   Section        8  libspace.o(.text)
    .text                                    0x08000550   Section        0  sys_exit.o(.text)
    .text                                    0x0800055c   Section        2  use_no_semi.o(.text)
    BISS1_SPI_DeInit                         0x0800055f   Thumb Code   124  biss_c_master_hal.o(.text.BISS1_SPI_DeInit)
    [Anonymous Symbol]                       0x0800055e   Section        0  biss_c_master_hal.o(.text.BISS1_SPI_DeInit)
    .text                                    0x0800055e   Section        0  indicate_semi.o(.text)
    BISS1_SPI_Init                           0x080005db   Thumb Code   560  biss_c_master_hal.o(.text.BISS1_SPI_Init)
    [Anonymous Symbol]                       0x080005da   Section        0  biss_c_master_hal.o(.text.BISS1_SPI_Init)
    BISS2_SPI_DeInit                         0x0800080b   Thumb Code   120  biss_c_master_hal.o(.text.BISS2_SPI_DeInit)
    [Anonymous Symbol]                       0x0800080a   Section        0  biss_c_master_hal.o(.text.BISS2_SPI_DeInit)
    BISS2_SPI_Init                           0x08000883   Thumb Code   510  biss_c_master_hal.o(.text.BISS2_SPI_Init)
    [Anonymous Symbol]                       0x08000882   Section        0  biss_c_master_hal.o(.text.BISS2_SPI_Init)
    BiSS1_SPI_CDM_Req                        0x08000a81   Thumb Code   110  biss_c_master_hal.o(.text.BiSS1_SPI_CDM_Req)
    [Anonymous Symbol]                       0x08000a80   Section        0  biss_c_master_hal.o(.text.BiSS1_SPI_CDM_Req)
    BiSS1_SPI_nCDM_Req                       0x08000aef   Thumb Code   124  biss_c_master_hal.o(.text.BiSS1_SPI_nCDM_Req)
    [Anonymous Symbol]                       0x08000aee   Section        0  biss_c_master_hal.o(.text.BiSS1_SPI_nCDM_Req)
    BiSS2_SPI_CDM_Req                        0x08000b6b   Thumb Code   116  biss_c_master_hal.o(.text.BiSS2_SPI_CDM_Req)
    [Anonymous Symbol]                       0x08000b6a   Section        0  biss_c_master_hal.o(.text.BiSS2_SPI_CDM_Req)
    BiSS2_SPI_nCDM_Req                       0x08000bdf   Thumb Code    88  biss_c_master_hal.o(.text.BiSS2_SPI_nCDM_Req)
    [Anonymous Symbol]                       0x08000bde   Section        0  biss_c_master_hal.o(.text.BiSS2_SPI_nCDM_Req)
    [Anonymous Symbol]                       0x08000c36   Section        0  biss_c_master.o(.text.BiSSGetFaultState)
    [Anonymous Symbol]                       0x08000c44   Section        0  biss_c_master.o(.text.BiSSRequestRead)
    [Anonymous Symbol]                       0x08000c74   Section        0  biss_c_master.o(.text.BiSSRequestWrite)
    [Anonymous Symbol]                       0x08000ca4   Section        0  biss_c_master.o(.text.BiSSResetExternalState)
    [Anonymous Symbol]                       0x08000cd4   Section        0  biss_c_master_hal.o(.text.BiSS_C_Master_HAL_Init)
    [Anonymous Symbol]                       0x0800125c   Section        0  biss_c_master.o(.text.BiSS_C_Master_StateMachine)
    [Anonymous Symbol]                       0x080014fc   Section        0  biss_c_master_hal.o(.text.BissRequest_CDM)
    [Anonymous Symbol]                       0x08001570   Section        0  biss_c_master_hal.o(.text.BissRequest_nCDM)
    [Anonymous Symbol]                       0x080015e4   Section        0  stm32g4xx_it.o(.text.BusFault_Handler)
    [Anonymous Symbol]                       0x080015e6   Section        0  biss_c_master_hal.o(.text.Change_Current_Mode)
    [Anonymous Symbol]                       0x0800161e   Section        0  biss_c_master_hal.o(.text.Change_Current_Sensor_Mode)
    [Anonymous Symbol]                       0x08001640   Section        0  biss_c_master_hal.o(.text.Current_Sensor_Init)
    [Anonymous Symbol]                       0x0800196a   Section        0  stm32g4xx_it.o(.text.DebugMon_Handler)
    [Anonymous Symbol]                       0x0800196c   Section        0  biss_c_master_hal.o(.text.EncoderPowerDisable)
    [Anonymous Symbol]                       0x0800197c   Section        0  biss_c_master_hal.o(.text.EncoderPowerEnable)
    [Anonymous Symbol]                       0x0800198c   Section        0  biss_c_master_hal.o(.text.EncoderSecondPowerDisable)
    [Anonymous Symbol]                       0x0800199a   Section        0  biss_c_master_hal.o(.text.EncoderSecondPowerEnable)
    [Anonymous Symbol]                       0x080019a8   Section        0  stm32g4xx_it.o(.text.HardFault_Handler)
    [Anonymous Symbol]                       0x080019aa   Section        0  biss_c_master.o(.text.IsBiSSReqBusy)
    [Anonymous Symbol]                       0x080019b6   Section        0  stm32g4xx_ll_adc.o(.text.LL_ADC_CommonInit)
    [Anonymous Symbol]                       0x08001a00   Section        0  stm32g4xx_ll_adc.o(.text.LL_ADC_DeInit)
    [Anonymous Symbol]                       0x08001bc4   Section        0  stm32g4xx_ll_adc.o(.text.LL_ADC_Init)
    [Anonymous Symbol]                       0x08001bec   Section        0  stm32g4xx_ll_adc.o(.text.LL_ADC_REG_Init)
    [Anonymous Symbol]                       0x08001c3c   Section        0  stm32g4xx_ll_gpio.o(.text.LL_GPIO_Init)
    [Anonymous Symbol]                       0x08001d1a   Section        0  stm32g4xx_ll_utils.o(.text.LL_Init1msTick)
    [Anonymous Symbol]                       0x08001d44   Section        0  stm32g4xx_ll_lpuart.o(.text.LL_LPUART_Init)
    LPUART_PRESCALER_TAB                     0x08001dcc   Number         0  stm32g4xx_ll_lpuart.o(.text.LL_LPUART_Init)
    [Anonymous Symbol]                       0x08001de4   Section        0  stm32g4xx_ll_rcc.o(.text.LL_RCC_GetLPUARTClockFreq)
    [Anonymous Symbol]                       0x08001e5e   Section        0  stm32g4xx_ll_rcc.o(.text.LL_RCC_GetUARTClockFreq)
    [Anonymous Symbol]                       0x08001ede   Section        0  stm32g4xx_ll_rcc.o(.text.LL_RCC_GetUSARTClockFreq)
    [Anonymous Symbol]                       0x08001fc6   Section        0  stm32g4xx_ll_spi.o(.text.LL_SPI_DeInit)
    [Anonymous Symbol]                       0x0800203c   Section        0  stm32g4xx_ll_utils.o(.text.LL_SetSystemCoreClock)
    [Anonymous Symbol]                       0x08002048   Section        0  stm32g4xx_ll_tim.o(.text.LL_TIM_Init)
    [Anonymous Symbol]                       0x0800213c   Section        0  stm32g4xx_ll_usart.o(.text.LL_USART_Init)
    USART_PRESCALER_TAB                      0x08002230   Number         0  stm32g4xx_ll_usart.o(.text.LL_USART_Init)
    MX_TIM3_ENC_Init                         0x08002261   Thumb Code   274  biss_c_master_hal.o(.text.MX_TIM3_ENC_Init)
    [Anonymous Symbol]                       0x08002260   Section        0  biss_c_master_hal.o(.text.MX_TIM3_ENC_Init)
    [Anonymous Symbol]                       0x08002374   Section        0  stm32g4xx_it.o(.text.MemManage_Handler)
    [Anonymous Symbol]                       0x08002378   Section        0  stm32g4xx_it.o(.text.NMI_Handler)
    [Anonymous Symbol]                       0x0800237a   Section        0  stm32g4xx_it.o(.text.PendSV_Handler)
    Quadrature_Renishaw_DeInit               0x0800237d   Thumb Code   112  biss_c_master_hal.o(.text.Quadrature_Renishaw_DeInit)
    [Anonymous Symbol]                       0x0800237c   Section        0  biss_c_master_hal.o(.text.Quadrature_Renishaw_DeInit)
    RCC_GetSystemClockFreq                   0x080023ed   Thumb Code   108  stm32g4xx_ll_rcc.o(.text.RCC_GetSystemClockFreq)
    [Anonymous Symbol]                       0x080023ec   Section        0  stm32g4xx_ll_rcc.o(.text.RCC_GetSystemClockFreq)
    [Anonymous Symbol]                       0x08002458   Section        0  biss_c_master_hal.o(.text.Read_Current_Enc2)
    Reenable_USART2_RX                       0x08002499   Thumb Code    70  biss_c_master_hal.o(.text.Reenable_USART2_RX)
    [Anonymous Symbol]                       0x08002498   Section        0  biss_c_master_hal.o(.text.Reenable_USART2_RX)
    [Anonymous Symbol]                       0x080024de   Section        0  stm32g4xx_it.o(.text.SVC_Handler)
    [Anonymous Symbol]                       0x080024e0   Section        0  biss_c_master_hal.o(.text.SetBiSS_SPI_Ch)
    [Anonymous Symbol]                       0x08002508   Section        0  biss_c_master_hal.o(.text.SetCh1SSIFreq)
    [Anonymous Symbol]                       0x08002520   Section        0  biss_c_master_hal.o(.text.Stop_Current_Mode)
    [Anonymous Symbol]                       0x08002618   Section        0  main.o(.text.SystemClock_Config)
    [Anonymous Symbol]                       0x080026ea   Section        0  system_stm32g4xx.o(.text.SystemInit)
    [Anonymous Symbol]                       0x080026fc   Section        0  biss_c_master_hal.o(.text.TIM7_IRQHandler)
    [Anonymous Symbol]                       0x08002d94   Section        0  uart.o(.text.UART_Config)
    [Anonymous Symbol]                       0x08002e14   Section        0  uart.o(.text.UART_StateMachine)
    [Anonymous Symbol]                       0x08003b5c   Section        0  uart.o(.text.UART_Transmit)
    [Anonymous Symbol]                       0x08003bbc   Section        0  biss_c_master_hal.o(.text.USART2_Write_Read_IRS)
    [Anonymous Symbol]                       0x08003c9c   Section        0  stm32g4xx_it.o(.text.UsageFault_Handler)
    __NVIC_SystemReset                       0x08003ca1   Thumb Code    36  uart.o(.text.__NVIC_SystemReset)
    [Anonymous Symbol]                       0x08003ca0   Section        0  uart.o(.text.__NVIC_SystemReset)
    [Anonymous Symbol]                       0x08003cc4   Section        0  main.o(.text.main)
    $v0                                      0x0800412e   Number         0  fpinit.o(x$fpl$fpinit)
    x$fpl$fpinit                             0x0800412e   Section       26  fpinit.o(x$fpl$fpinit)
    CRC6_LUT                                 0x08004160   Data         256  biss_c_master_hal.o(.rodata.CRC6_LUT)
    [Anonymous Symbol]                       0x08004160   Section        0  biss_c_master_hal.o(.rodata.CRC6_LUT)
    tableCRC4                                0x08004260   Data          16  biss_c_master.o(.rodata.cst16)
    [Anonymous Symbol]                       0x08004260   Section        0  biss_c_master.o(.rodata.cst16)
    RS485_ADR                                0x20000010   Data           1  biss_c_master_hal.o(.data.RS485_ADR)
    [Anonymous Symbol]                       0x20000010   Section        0  biss_c_master_hal.o(.data.RS485_ADR)
    .bss                                     0x20000020   Section       96  libspace.o(.bss)
    adr_reset_cou                            0x20001ec2   Data           1  biss_c_master_hal.o(.bss.adr_reset_cou)
    [Anonymous Symbol]                       0x20001ec2   Section        0  biss_c_master_hal.o(.bss.adr_reset_cou)
    Heap_Mem                                 0x20002350   Data         512  startup_stm32g431xx.o(HEAP)
    HEAP                                     0x20002350   Section      512  startup_stm32g431xx.o(HEAP)
    Stack_Mem                                0x20002550   Data        1024  startup_stm32g431xx.o(STACK)
    STACK                                    0x20002550   Section     1024  startup_stm32g431xx.o(STACK)
    __initial_sp                             0x20002950   Data           0  startup_stm32g431xx.o(STACK)

    Global Symbols

    Symbol Name                              Value     Ov Type        Size  Object(Section)

    BuildAttributes$$THM_ISAv4$E$P$D$K$B$S$7EM$VFPi3$EXTD16$VFPS$VFMA$PE$A:L22UL41UL21$X:L11$S22US41US21$IEEE1$IW$~IW$USESV6$~STKCKD$USESV7$~SHL$OSPACE$ROPI$EBA8$UX$STANDARDLIB$REQ8$PRES8$EABIv2 0x00000000   Number         0  anon$$obj.o ABSOLUTE
    __ARM_exceptions_init                     - Undefined Weak Reference
    __alloca_initialize                       - Undefined Weak Reference
    __arm_preinit_                            - Undefined Weak Reference
    __arm_relocate_pie_                       - Undefined Weak Reference
    __cpp_initialize__aeabi_                  - Undefined Weak Reference
    __cxa_finalize                            - Undefined Weak Reference
    __rt_locale                               - Undefined Weak Reference
    __sigvec_lookup                           - Undefined Weak Reference
    _atexit_init                              - Undefined Weak Reference
    _call_atexit_fns                          - Undefined Weak Reference
    _clock_init                               - Undefined Weak Reference
    _fp_trap_init                             - Undefined Weak Reference
    _fp_trap_shutdown                         - Undefined Weak Reference
    _get_lc_collate                           - Undefined Weak Reference
    _get_lc_ctype                             - Undefined Weak Reference
    _get_lc_monetary                          - Undefined Weak Reference
    _get_lc_numeric                           - Undefined Weak Reference
    _get_lc_time                              - Undefined Weak Reference
    _getenv_init                              - Undefined Weak Reference
    _handle_redirection                       - Undefined Weak Reference
    _init_alloc                               - Undefined Weak Reference
    _init_user_alloc                          - Undefined Weak Reference
    _initio                                   - Undefined Weak Reference
    _rand_init                                - Undefined Weak Reference
    _signal_finish                            - Undefined Weak Reference
    _signal_init                              - Undefined Weak Reference
    _terminate_alloc                          - Undefined Weak Reference
    _terminate_user_alloc                     - Undefined Weak Reference
    _terminateio                              - Undefined Weak Reference
    __Vectors_Size                           0x000001d8   Number         0  startup_stm32g431xx.o ABSOLUTE
    __Vectors                                0x08000000   Data           4  startup_stm32g431xx.o(RESET)
    __Vectors_End                            0x080001d8   Data           0  startup_stm32g431xx.o(RESET)
    __main                                   0x080001d9   Thumb Code     8  __main.o(!!!main)
    __scatterload                            0x080001e1   Thumb Code     0  __scatter.o(!!!scatter)
    __scatterload_rt2                        0x080001e1   Thumb Code    44  __scatter.o(!!!scatter)
    __scatterload_rt2_thumb_only             0x080001e1   Thumb Code     0  __scatter.o(!!!scatter)
    __scatterload_null                       0x080001ef   Thumb Code     0  __scatter.o(!!!scatter)
    __scatterload_copy                       0x08000215   Thumb Code    26  __scatter_copy.o(!!handler_copy)
    __scatterload_zeroinit                   0x08000231   Thumb Code    28  __scatter_zi.o(!!handler_zi)
    __rt_lib_init                            0x0800024d   Thumb Code     0  libinit.o(.ARM.Collect$$libinit$$00000000)
    __rt_lib_init_fp_1                       0x0800024f   Thumb Code     0  libinit2.o(.ARM.Collect$$libinit$$00000001)
    __rt_lib_init_alloca_1                   0x08000253   Thumb Code     0  libinit2.o(.ARM.Collect$$libinit$$00000030)
    __rt_lib_init_argv_1                     0x08000253   Thumb Code     0  libinit2.o(.ARM.Collect$$libinit$$0000002E)
    __rt_lib_init_atexit_1                   0x08000253   Thumb Code     0  libinit2.o(.ARM.Collect$$libinit$$0000001D)
    __rt_lib_init_clock_1                    0x08000253   Thumb Code     0  libinit2.o(.ARM.Collect$$libinit$$00000023)
    __rt_lib_init_cpp_1                      0x08000253   Thumb Code     0  libinit2.o(.ARM.Collect$$libinit$$00000034)
    __rt_lib_init_exceptions_1               0x08000253   Thumb Code     0  libinit2.o(.ARM.Collect$$libinit$$00000032)
    __rt_lib_init_fp_trap_1                  0x08000253   Thumb Code     0  libinit2.o(.ARM.Collect$$libinit$$00000021)
    __rt_lib_init_getenv_1                   0x08000253   Thumb Code     0  libinit2.o(.ARM.Collect$$libinit$$00000025)
    __rt_lib_init_heap_1                     0x08000253   Thumb Code     0  libinit2.o(.ARM.Collect$$libinit$$0000000C)
    __rt_lib_init_lc_collate_1               0x08000253   Thumb Code     0  libinit2.o(.ARM.Collect$$libinit$$00000013)
    __rt_lib_init_lc_ctype_1                 0x08000253   Thumb Code     0  libinit2.o(.ARM.Collect$$libinit$$00000015)
    __rt_lib_init_lc_monetary_1              0x08000253   Thumb Code     0  libinit2.o(.ARM.Collect$$libinit$$00000017)
    __rt_lib_init_lc_numeric_1               0x08000253   Thumb Code     0  libinit2.o(.ARM.Collect$$libinit$$00000019)
    __rt_lib_init_lc_time_1                  0x08000253   Thumb Code     0  libinit2.o(.ARM.Collect$$libinit$$0000001B)
    __rt_lib_init_preinit_1                  0x08000253   Thumb Code     0  libinit2.o(.ARM.Collect$$libinit$$00000006)
    __rt_lib_init_rand_1                     0x08000253   Thumb Code     0  libinit2.o(.ARM.Collect$$libinit$$00000010)
    __rt_lib_init_relocate_pie_1             0x08000253   Thumb Code     0  libinit2.o(.ARM.Collect$$libinit$$00000004)
    __rt_lib_init_return                     0x08000253   Thumb Code     0  libinit2.o(.ARM.Collect$$libinit$$00000035)
    __rt_lib_init_signal_1                   0x08000253   Thumb Code     0  libinit2.o(.ARM.Collect$$libinit$$0000001F)
    __rt_lib_init_stdio_1                    0x08000253   Thumb Code     0  libinit2.o(.ARM.Collect$$libinit$$00000027)
    __rt_lib_init_user_alloc_1               0x08000253   Thumb Code     0  libinit2.o(.ARM.Collect$$libinit$$0000000E)
    __rt_lib_shutdown                        0x08000255   Thumb Code     0  libshutdown.o(.ARM.Collect$$libshutdown$$00000000)
    __rt_lib_shutdown_cpp_1                  0x08000257   Thumb Code     0  libshutdown2.o(.ARM.Collect$$libshutdown$$00000002)
    __rt_lib_shutdown_fp_trap_1              0x08000257   Thumb Code     0  libshutdown2.o(.ARM.Collect$$libshutdown$$00000007)
    __rt_lib_shutdown_heap_1                 0x08000257   Thumb Code     0  libshutdown2.o(.ARM.Collect$$libshutdown$$0000000F)
    __rt_lib_shutdown_return                 0x08000257   Thumb Code     0  libshutdown2.o(.ARM.Collect$$libshutdown$$00000010)
    __rt_lib_shutdown_signal_1               0x08000257   Thumb Code     0  libshutdown2.o(.ARM.Collect$$libshutdown$$0000000A)
    __rt_lib_shutdown_stdio_1                0x08000257   Thumb Code     0  libshutdown2.o(.ARM.Collect$$libshutdown$$00000004)
    __rt_lib_shutdown_user_alloc_1           0x08000257   Thumb Code     0  libshutdown2.o(.ARM.Collect$$libshutdown$$0000000C)
    __rt_entry                               0x08000259   Thumb Code     0  __rtentry.o(.ARM.Collect$$rtentry$$00000000)
    __rt_entry_presh_1                       0x08000259   Thumb Code     0  __rtentry2.o(.ARM.Collect$$rtentry$$00000002)
    __rt_entry_sh                            0x08000259   Thumb Code     0  __rtentry4.o(.ARM.Collect$$rtentry$$00000004)
    __rt_entry_li                            0x0800025f   Thumb Code     0  __rtentry2.o(.ARM.Collect$$rtentry$$0000000A)
    __rt_entry_postsh_1                      0x0800025f   Thumb Code     0  __rtentry2.o(.ARM.Collect$$rtentry$$00000009)
    __rt_entry_main                          0x08000263   Thumb Code     0  __rtentry2.o(.ARM.Collect$$rtentry$$0000000D)
    __rt_entry_postli_1                      0x08000263   Thumb Code     0  __rtentry2.o(.ARM.Collect$$rtentry$$0000000C)
    __rt_exit                                0x0800026b   Thumb Code     0  rtexit.o(.ARM.Collect$$rtexit$$00000000)
    __rt_exit_ls                             0x0800026d   Thumb Code     0  rtexit2.o(.ARM.Collect$$rtexit$$00000003)
    __rt_exit_prels_1                        0x0800026d   Thumb Code     0  rtexit2.o(.ARM.Collect$$rtexit$$00000002)
    __rt_exit_exit                           0x08000271   Thumb Code     0  rtexit2.o(.ARM.Collect$$rtexit$$00000004)
    Reset_Handler                            0x08000279   Thumb Code     8  startup_stm32g431xx.o(.text)
    SysTick_Handler                          0x08000291   Thumb Code     2  startup_stm32g431xx.o(.text)
    ADC1_2_IRQHandler                        0x08000293   Thumb Code     0  startup_stm32g431xx.o(.text)
    COMP1_2_3_IRQHandler                     0x08000293   Thumb Code     0  startup_stm32g431xx.o(.text)
    COMP4_IRQHandler                         0x08000293   Thumb Code     0  startup_stm32g431xx.o(.text)
    CORDIC_IRQHandler                        0x08000293   Thumb Code     0  startup_stm32g431xx.o(.text)
    CRS_IRQHandler                           0x08000293   Thumb Code     0  startup_stm32g431xx.o(.text)
    DMA1_Channel1_IRQHandler                 0x08000293   Thumb Code     0  startup_stm32g431xx.o(.text)
    DMA1_Channel2_IRQHandler                 0x08000293   Thumb Code     0  startup_stm32g431xx.o(.text)
    DMA1_Channel3_IRQHandler                 0x08000293   Thumb Code     0  startup_stm32g431xx.o(.text)
    DMA1_Channel4_IRQHandler                 0x08000293   Thumb Code     0  startup_stm32g431xx.o(.text)
    DMA1_Channel5_IRQHandler                 0x08000293   Thumb Code     0  startup_stm32g431xx.o(.text)
    DMA1_Channel6_IRQHandler                 0x08000293   Thumb Code     0  startup_stm32g431xx.o(.text)
    DMA2_Channel1_IRQHandler                 0x08000293   Thumb Code     0  startup_stm32g431xx.o(.text)
    DMA2_Channel2_IRQHandler                 0x08000293   Thumb Code     0  startup_stm32g431xx.o(.text)
    DMA2_Channel3_IRQHandler                 0x08000293   Thumb Code     0  startup_stm32g431xx.o(.text)
    DMA2_Channel4_IRQHandler                 0x08000293   Thumb Code     0  startup_stm32g431xx.o(.text)
    DMA2_Channel5_IRQHandler                 0x08000293   Thumb Code     0  startup_stm32g431xx.o(.text)
    DMA2_Channel6_IRQHandler                 0x08000293   Thumb Code     0  startup_stm32g431xx.o(.text)
    DMAMUX_OVR_IRQHandler                    0x08000293   Thumb Code     0  startup_stm32g431xx.o(.text)
    EXTI0_IRQHandler                         0x08000293   Thumb Code     0  startup_stm32g431xx.o(.text)
    EXTI15_10_IRQHandler                     0x08000293   Thumb Code     0  startup_stm32g431xx.o(.text)
    EXTI1_IRQHandler                         0x08000293   Thumb Code     0  startup_stm32g431xx.o(.text)
    EXTI2_IRQHandler                         0x08000293   Thumb Code     0  startup_stm32g431xx.o(.text)
    EXTI3_IRQHandler                         0x08000293   Thumb Code     0  startup_stm32g431xx.o(.text)
    EXTI4_IRQHandler                         0x08000293   Thumb Code     0  startup_stm32g431xx.o(.text)
    EXTI9_5_IRQHandler                       0x08000293   Thumb Code     0  startup_stm32g431xx.o(.text)
    FDCAN1_IT0_IRQHandler                    0x08000293   Thumb Code     0  startup_stm32g431xx.o(.text)
    FDCAN1_IT1_IRQHandler                    0x08000293   Thumb Code     0  startup_stm32g431xx.o(.text)
    FLASH_IRQHandler                         0x08000293   Thumb Code     0  startup_stm32g431xx.o(.text)
    FMAC_IRQHandler                          0x08000293   Thumb Code     0  startup_stm32g431xx.o(.text)
    FPU_IRQHandler                           0x08000293   Thumb Code     0  startup_stm32g431xx.o(.text)
    I2C1_ER_IRQHandler                       0x08000293   Thumb Code     0  startup_stm32g431xx.o(.text)
    I2C1_EV_IRQHandler                       0x08000293   Thumb Code     0  startup_stm32g431xx.o(.text)
    I2C2_ER_IRQHandler                       0x08000293   Thumb Code     0  startup_stm32g431xx.o(.text)
    I2C2_EV_IRQHandler                       0x08000293   Thumb Code     0  startup_stm32g431xx.o(.text)
    I2C3_ER_IRQHandler                       0x08000293   Thumb Code     0  startup_stm32g431xx.o(.text)
    I2C3_EV_IRQHandler                       0x08000293   Thumb Code     0  startup_stm32g431xx.o(.text)
    LPTIM1_IRQHandler                        0x08000293   Thumb Code     0  startup_stm32g431xx.o(.text)
    LPUART1_IRQHandler                       0x08000293   Thumb Code     0  startup_stm32g431xx.o(.text)
    PVD_PVM_IRQHandler                       0x08000293   Thumb Code     0  startup_stm32g431xx.o(.text)
    RCC_IRQHandler                           0x08000293   Thumb Code     0  startup_stm32g431xx.o(.text)
    RNG_IRQHandler                           0x08000293   Thumb Code     0  startup_stm32g431xx.o(.text)
    RTC_Alarm_IRQHandler                     0x08000293   Thumb Code     0  startup_stm32g431xx.o(.text)
    RTC_TAMP_LSECSS_IRQHandler               0x08000293   Thumb Code     0  startup_stm32g431xx.o(.text)
    RTC_WKUP_IRQHandler                      0x08000293   Thumb Code     0  startup_stm32g431xx.o(.text)
    SAI1_IRQHandler                          0x08000293   Thumb Code     0  startup_stm32g431xx.o(.text)
    SPI1_IRQHandler                          0x08000293   Thumb Code     0  startup_stm32g431xx.o(.text)
    SPI2_IRQHandler                          0x08000293   Thumb Code     0  startup_stm32g431xx.o(.text)
    SPI3_IRQHandler                          0x08000293   Thumb Code     0  startup_stm32g431xx.o(.text)
    TIM1_BRK_TIM15_IRQHandler                0x08000293   Thumb Code     0  startup_stm32g431xx.o(.text)
    TIM1_CC_IRQHandler                       0x08000293   Thumb Code     0  startup_stm32g431xx.o(.text)
    TIM1_TRG_COM_TIM17_IRQHandler            0x08000293   Thumb Code     0  startup_stm32g431xx.o(.text)
    TIM1_UP_TIM16_IRQHandler                 0x08000293   Thumb Code     0  startup_stm32g431xx.o(.text)
    TIM2_IRQHandler                          0x08000293   Thumb Code     0  startup_stm32g431xx.o(.text)
    TIM3_IRQHandler                          0x08000293   Thumb Code     0  startup_stm32g431xx.o(.text)
    TIM4_IRQHandler                          0x08000293   Thumb Code     0  startup_stm32g431xx.o(.text)
    TIM6_DAC_IRQHandler                      0x08000293   Thumb Code     0  startup_stm32g431xx.o(.text)
    TIM8_BRK_IRQHandler                      0x08000293   Thumb Code     0  startup_stm32g431xx.o(.text)
    TIM8_CC_IRQHandler                       0x08000293   Thumb Code     0  startup_stm32g431xx.o(.text)
    TIM8_TRG_COM_IRQHandler                  0x08000293   Thumb Code     0  startup_stm32g431xx.o(.text)
    TIM8_UP_IRQHandler                       0x08000293   Thumb Code     0  startup_stm32g431xx.o(.text)
    UART4_IRQHandler                         0x08000293   Thumb Code     0  startup_stm32g431xx.o(.text)
    UCPD1_IRQHandler                         0x08000293   Thumb Code     0  startup_stm32g431xx.o(.text)
    USART1_IRQHandler                        0x08000293   Thumb Code     0  startup_stm32g431xx.o(.text)
    USART2_IRQHandler                        0x08000293   Thumb Code     0  startup_stm32g431xx.o(.text)
    USART3_IRQHandler                        0x08000293   Thumb Code     0  startup_stm32g431xx.o(.text)
    USBWakeUp_IRQHandler                     0x08000293   Thumb Code     0  startup_stm32g431xx.o(.text)
    USB_HP_IRQHandler                        0x08000293   Thumb Code     0  startup_stm32g431xx.o(.text)
    USB_LP_IRQHandler                        0x08000293   Thumb Code     0  startup_stm32g431xx.o(.text)
    WWDG_IRQHandler                          0x08000293   Thumb Code     0  startup_stm32g431xx.o(.text)
    __user_initial_stackheap                 0x08000295   Thumb Code     0  startup_stm32g431xx.o(.text)
    __aeabi_uldivmod                         0x080002b9   Thumb Code     0  lludivv7m.o(.text)
    _ll_udiv                                 0x080002b9   Thumb Code   240  lludivv7m.o(.text)
    __aeabi_memcpy                           0x080003a9   Thumb Code     0  rt_memcpy_v6.o(.text)
    __rt_memcpy                              0x080003a9   Thumb Code   138  rt_memcpy_v6.o(.text)
    _memcpy_lastbytes                        0x0800040f   Thumb Code     0  rt_memcpy_v6.o(.text)
    __aeabi_memclr4                          0x08000433   Thumb Code     0  rt_memclr_w.o(.text)
    __aeabi_memclr8                          0x08000433   Thumb Code     0  rt_memclr_w.o(.text)
    __rt_memclr_w                            0x08000433   Thumb Code     0  rt_memclr_w.o(.text)
    _memset_w                                0x08000437   Thumb Code    74  rt_memclr_w.o(.text)
    __use_two_region_memory                  0x08000481   Thumb Code     2  heapauxi.o(.text)
    __rt_heap_escrow$2region                 0x08000483   Thumb Code     2  heapauxi.o(.text)
    __rt_heap_expand$2region                 0x08000485   Thumb Code     2  heapauxi.o(.text)
    __aeabi_memcpy4                          0x08000487   Thumb Code     0  rt_memcpy_w.o(.text)
    __aeabi_memcpy8                          0x08000487   Thumb Code     0  rt_memcpy_w.o(.text)
    __rt_memcpy_w                            0x08000487   Thumb Code   100  rt_memcpy_w.o(.text)
    _memcpy_lastbytes_aligned                0x080004cf   Thumb Code     0  rt_memcpy_w.o(.text)
    __user_setup_stackheap                   0x080004eb   Thumb Code    74  sys_stackheap_outer.o(.text)
    exit                                     0x08000535   Thumb Code    18  exit.o(.text)
    __user_libspace                          0x08000549   Thumb Code     8  libspace.o(.text)
    __user_perproc_libspace                  0x08000549   Thumb Code     0  libspace.o(.text)
    __user_perthread_libspace                0x08000549   Thumb Code     0  libspace.o(.text)
    _sys_exit                                0x08000551   Thumb Code     8  sys_exit.o(.text)
    __I$use$semihosting                      0x0800055d   Thumb Code     0  use_no_semi.o(.text)
    __use_no_semihosting_swi                 0x0800055d   Thumb Code     2  use_no_semi.o(.text)
    __semihosting_library_function           0x0800055f   Thumb Code     0  indicate_semi.o(.text)
    BiSSGetFaultState                        0x08000c37   Thumb Code    14  biss_c_master.o(.text.BiSSGetFaultState)
    BiSSRequestRead                          0x08000c45   Thumb Code    48  biss_c_master.o(.text.BiSSRequestRead)
    BiSSRequestWrite                         0x08000c75   Thumb Code    48  biss_c_master.o(.text.BiSSRequestWrite)
    BiSSResetExternalState                   0x08000ca5   Thumb Code    48  biss_c_master.o(.text.BiSSResetExternalState)
    BiSS_C_Master_HAL_Init                   0x08000cd5   Thumb Code  1414  biss_c_master_hal.o(.text.BiSS_C_Master_HAL_Init)
    BiSS_C_Master_StateMachine               0x0800125d   Thumb Code   672  biss_c_master.o(.text.BiSS_C_Master_StateMachine)
    BissRequest_CDM                          0x080014fd   Thumb Code   116  biss_c_master_hal.o(.text.BissRequest_CDM)
    BissRequest_nCDM                         0x08001571   Thumb Code   116  biss_c_master_hal.o(.text.BissRequest_nCDM)
    BusFault_Handler                         0x080015e5   Thumb Code     2  stm32g4xx_it.o(.text.BusFault_Handler)
    Change_Current_Mode                      0x080015e7   Thumb Code    56  biss_c_master_hal.o(.text.Change_Current_Mode)
    Change_Current_Sensor_Mode               0x0800161f   Thumb Code    32  biss_c_master_hal.o(.text.Change_Current_Sensor_Mode)
    Current_Sensor_Init                      0x08001641   Thumb Code   810  biss_c_master_hal.o(.text.Current_Sensor_Init)
    DebugMon_Handler                         0x0800196b   Thumb Code     2  stm32g4xx_it.o(.text.DebugMon_Handler)
    EncoderPowerDisable                      0x0800196d   Thumb Code    16  biss_c_master_hal.o(.text.EncoderPowerDisable)
    EncoderPowerEnable                       0x0800197d   Thumb Code    16  biss_c_master_hal.o(.text.EncoderPowerEnable)
    EncoderSecondPowerDisable                0x0800198d   Thumb Code    14  biss_c_master_hal.o(.text.EncoderSecondPowerDisable)
    EncoderSecondPowerEnable                 0x0800199b   Thumb Code    14  biss_c_master_hal.o(.text.EncoderSecondPowerEnable)
    HardFault_Handler                        0x080019a9   Thumb Code     2  stm32g4xx_it.o(.text.HardFault_Handler)
    IsBiSSReqBusy                            0x080019ab   Thumb Code    12  biss_c_master.o(.text.IsBiSSReqBusy)
    LL_ADC_CommonInit                        0x080019b7   Thumb Code    72  stm32g4xx_ll_adc.o(.text.LL_ADC_CommonInit)
    LL_ADC_DeInit                            0x08001a01   Thumb Code   452  stm32g4xx_ll_adc.o(.text.LL_ADC_DeInit)
    LL_ADC_Init                              0x08001bc5   Thumb Code    40  stm32g4xx_ll_adc.o(.text.LL_ADC_Init)
    LL_ADC_REG_Init                          0x08001bed   Thumb Code    80  stm32g4xx_ll_adc.o(.text.LL_ADC_REG_Init)
    LL_GPIO_Init                             0x08001c3d   Thumb Code   222  stm32g4xx_ll_gpio.o(.text.LL_GPIO_Init)
    LL_Init1msTick                           0x08001d1b   Thumb Code    40  stm32g4xx_ll_utils.o(.text.LL_Init1msTick)
    LL_LPUART_Init                           0x08001d45   Thumb Code   136  stm32g4xx_ll_lpuart.o(.text.LL_LPUART_Init)
    LL_RCC_GetLPUARTClockFreq                0x08001de5   Thumb Code   122  stm32g4xx_ll_rcc.o(.text.LL_RCC_GetLPUARTClockFreq)
    LL_RCC_GetUARTClockFreq                  0x08001e5f   Thumb Code   128  stm32g4xx_ll_rcc.o(.text.LL_RCC_GetUARTClockFreq)
    LL_RCC_GetUSARTClockFreq                 0x08001edf   Thumb Code   232  stm32g4xx_ll_rcc.o(.text.LL_RCC_GetUSARTClockFreq)
    LL_SPI_DeInit                            0x08001fc7   Thumb Code   118  stm32g4xx_ll_spi.o(.text.LL_SPI_DeInit)
    LL_SetSystemCoreClock                    0x0800203d   Thumb Code    12  stm32g4xx_ll_utils.o(.text.LL_SetSystemCoreClock)
    LL_TIM_Init                              0x08002049   Thumb Code   242  stm32g4xx_ll_tim.o(.text.LL_TIM_Init)
    LL_USART_Init                            0x0800213d   Thumb Code   244  stm32g4xx_ll_usart.o(.text.LL_USART_Init)
    MemManage_Handler                        0x08002375   Thumb Code     2  stm32g4xx_it.o(.text.MemManage_Handler)
    NMI_Handler                              0x08002379   Thumb Code     2  stm32g4xx_it.o(.text.NMI_Handler)
    PendSV_Handler                           0x0800237b   Thumb Code     2  stm32g4xx_it.o(.text.PendSV_Handler)
    Read_Current_Enc2                        0x08002459   Thumb Code    64  biss_c_master_hal.o(.text.Read_Current_Enc2)
    SVC_Handler                              0x080024df   Thumb Code     2  stm32g4xx_it.o(.text.SVC_Handler)
    SetBiSS_SPI_Ch                           0x080024e1   Thumb Code    40  biss_c_master_hal.o(.text.SetBiSS_SPI_Ch)
    SetCh1SSIFreq                            0x08002509   Thumb Code    24  biss_c_master_hal.o(.text.SetCh1SSIFreq)
    Stop_Current_Mode                        0x08002521   Thumb Code   246  biss_c_master_hal.o(.text.Stop_Current_Mode)
    SystemClock_Config                       0x08002619   Thumb Code   210  main.o(.text.SystemClock_Config)
    SystemInit                               0x080026eb   Thumb Code    18  system_stm32g4xx.o(.text.SystemInit)
    TIM7_IRQHandler                          0x080026fd   Thumb Code  1688  biss_c_master_hal.o(.text.TIM7_IRQHandler)
    UART_Config                              0x08002d95   Thumb Code   126  uart.o(.text.UART_Config)
    UART_StateMachine                        0x08002e15   Thumb Code  3398  uart.o(.text.UART_StateMachine)
    UART_Transmit                            0x08003b5d   Thumb Code    96  uart.o(.text.UART_Transmit)
    USART2_Write_Read_IRS                    0x08003bbd   Thumb Code   224  biss_c_master_hal.o(.text.USART2_Write_Read_IRS)
    UsageFault_Handler                       0x08003c9d   Thumb Code     2  stm32g4xx_it.o(.text.UsageFault_Handler)
    main                                     0x08003cc5   Thumb Code  1130  main.o(.text.main)
    _fp_init                                 0x0800412f   Thumb Code    26  fpinit.o(x$fpl$fpinit)
    __fplib_config_fpu_vfp                   0x08004147   Thumb Code     0  fpinit.o(x$fpl$fpinit)
    __fplib_config_pureend_doubles           0x08004147   Thumb Code     0  fpinit.o(x$fpl$fpinit)
    AHBPrescTable                            0x08004148   Data          16  system_stm32g4xx.o(.rodata.AHBPrescTable)
    APBPrescTable                            0x08004158   Data           8  system_stm32g4xx.o(.rodata.APBPrescTable)
    Region$$Table$$Base                      0x08004270   Number         0  anon$$obj.o(Region$$Table)
    Region$$Table$$Limit                     0x08004290   Number         0  anon$$obj.o(Region$$Table)
    BiSS_SPI_Ch                              0x20000000   Data           1  biss_c_master_hal.o(.data.BiSS_SPI_Ch)
    CH1_SSI                                  0x20000001   Data           1  biss_c_master_hal.o(.data.CH1_SSI)
    CRC6_State1                              0x20000002   Data           1  biss_c_master_hal.o(.data.CRC6_State1)
    CRC6_State2                              0x20000003   Data           1  biss_c_master_hal.o(.data.CRC6_State2)
    Current_Mode                             0x20000004   Data           1  biss_c_master_hal.o(.data.Current_Mode)
    Current_Sensor_Mode                      0x20000005   Data           1  biss_c_master_hal.o(.data.Current_Sensor_Mode)
    PWR1_EN_PIN                              0x20000008   Data           8  biss_c_master_hal.o(.data.PWR1_EN_PIN)
    SystemCoreClock                          0x20000014   Data           4  system_stm32g4xx.o(.data.SystemCoreClock)
    USART_CDS_last                           0x20000018   Data           1  biss_c_master_hal.o(.data.USART_CDS_last)
    last_CDM                                 0x20000019   Data           1  biss_c_master_hal.o(.data.last_CDM)
    __libspace_start                         0x20000020   Data          96  libspace.o(.bss)
    AngleData1                               0x20000080   Data           4  biss_c_master_hal.o(.bss.AngleData1)
    __temporary_stack_top$libspace           0x20000080   Data           0  libspace.o(.bss)
    AngleData2                               0x20000084   Data           4  biss_c_master_hal.o(.bss.AngleData2)
    AngleDataRenishaw                        0x20000088   Data           2  biss_c_master_hal.o(.bss.AngleDataRenishaw)
    BISS1_SCD                                0x2000008c   Data           4  biss_c_master_hal.o(.bss.BISS1_SCD)
    BISS2_SCD                                0x20000090   Data           4  biss_c_master_hal.o(.bss.BISS2_SCD)
    BiSS                                     0x20000094   Data          36  biss_c_master.o(.bss.BiSS)
    BiSS1_SPI_rx                             0x200000b8   Data           8  biss_c_master_hal.o(.bss.BiSS1_SPI_rx)
    BiSS2_SPI_rx                             0x200000c0   Data           8  biss_c_master_hal.o(.bss.BiSS2_SPI_rx)
    CommandQueue                             0x200000c8   Data        4824  uart.o(.bss.CommandQueue)
    ReadingStrEnc1                           0x200013a0   Data        1032  uart.o(.bss.ReadingStrEnc1)
    ReadingStrEnc2                           0x200017a8   Data        1032  uart.o(.bss.ReadingStrEnc2)
    ReadingStrRenishaw                       0x20001bb0   Data         516  uart.o(.bss.ReadingStrRenishaw)
    SSI_HALF_FREQ_FLAG                       0x20001db4   Data           4  biss_c_master_hal.o(.bss.SSI_HALF_FREQ_FLAG)
    UART_Error                               0x20001db8   Data           1  uart.o(.bss.UART_Error)
    UART_State                               0x20001db9   Data           1  uart.o(.bss.UART_State)
    UART_TX                                  0x20001dba   Data         256  uart.o(.bss.UART_TX)
    USART_rx                                 0x20001ebc   Data           4  biss_c_master_hal.o(.bss.USART_rx)
    adc1_buffer                              0x20001ec0   Data           2  biss_c_master_hal.o(.bss.adc1_buffer)
    crc                                      0x20001ec3   Data           1  biss_c_master_hal.o(.bss.crc)
    dma_rx_cnt                               0x20001ec4   Data           4  uart.o(.bss.dma_rx_cnt)
    hex_line_buffer                          0x20001ec8   Data         133  uart.o(.bss.hex_line_buffer)
    queue_cnt                                0x20001f4d   Data           1  uart.o(.bss.queue_cnt)
    queue_read_cnt                           0x20001f4e   Data           1  uart.o(.bss.queue_read_cnt)
    queue_write_cnt                          0x20001f4f   Data           1  uart.o(.bss.queue_write_cnt)
    retry_cnt                                0x20001f50   Data           1  uart.o(.bss.retry_cnt)
    uart_expected_length                     0x20001f54   Data           4  uart.o(.bss.uart_expected_length)
    uart_length                              0x20001f58   Data           1  uart.o(.bss.uart_length)
    usart2_rx_buffer                         0x20001f5c   Data         252  biss_c_master_hal.o(.bss.usart2_rx_buffer)
    usart2_tx_buffer                         0x20002058   Data         252  biss_c_master_hal.o(.bss.usart2_tx_buffer)
    usb_rx_buffer                            0x20002154   Data         256  uart.o(.bss.usb_rx_buffer)
    usb_tx_buffer                            0x20002254   Data         252  uart.o(.bss.usb_tx_buffer)



==============================================================================

Memory Map of the image

  Image Entry point : 0x080001d9

  Load Region LR_IROM1 (Base: 0x08000000, Size: 0x000042b0, Max: 0x00020000, ABSOLUTE)

    Execution Region ER_IROM1 (Exec base: 0x08000000, Load base: 0x08000000, Size: 0x00004290, Max: 0x00020000, ABSOLUTE)

    Exec Addr    Load Addr    Size         Type   Attr      Idx    E Section Name        Object

    0x08000000   0x08000000   0x000001d8   Data   RO            3    RESET               startup_stm32g431xx.o
    0x080001d8   0x080001d8   0x00000008   Code   RO          465  * !!!main             c_w.l(__main.o)
    0x080001e0   0x080001e0   0x00000034   Code   RO          642    !!!scatter          c_w.l(__scatter.o)
    0x08000214   0x08000214   0x0000001a   Code   RO          644    !!handler_copy      c_w.l(__scatter_copy.o)
    0x0800022e   0x0800022e   0x00000002   PAD
    0x08000230   0x08000230   0x0000001c   Code   RO          646    !!handler_zi        c_w.l(__scatter_zi.o)
    0x0800024c   0x0800024c   0x00000002   Code   RO          504    .ARM.Collect$$libinit$$00000000  c_w.l(libinit.o)
    0x0800024e   0x0800024e   0x00000004   Code   RO          516    .ARM.Collect$$libinit$$00000001  c_w.l(libinit2.o)
    0x08000252   0x08000252   0x00000000   Code   RO          519    .ARM.Collect$$libinit$$00000004  c_w.l(libinit2.o)
    0x08000252   0x08000252   0x00000000   Code   RO          521    .ARM.Collect$$libinit$$00000006  c_w.l(libinit2.o)
    0x08000252   0x08000252   0x00000000   Code   RO          524    .ARM.Collect$$libinit$$0000000C  c_w.l(libinit2.o)
    0x08000252   0x08000252   0x00000000   Code   RO          526    .ARM.Collect$$libinit$$0000000E  c_w.l(libinit2.o)
    0x08000252   0x08000252   0x00000000   Code   RO          528    .ARM.Collect$$libinit$$00000010  c_w.l(libinit2.o)
    0x08000252   0x08000252   0x00000000   Code   RO          531    .ARM.Collect$$libinit$$00000013  c_w.l(libinit2.o)
    0x08000252   0x08000252   0x00000000   Code   RO          533    .ARM.Collect$$libinit$$00000015  c_w.l(libinit2.o)
    0x08000252   0x08000252   0x00000000   Code   RO          535    .ARM.Collect$$libinit$$00000017  c_w.l(libinit2.o)
    0x08000252   0x08000252   0x00000000   Code   RO          537    .ARM.Collect$$libinit$$00000019  c_w.l(libinit2.o)
    0x08000252   0x08000252   0x00000000   Code   RO          539    .ARM.Collect$$libinit$$0000001B  c_w.l(libinit2.o)
    0x08000252   0x08000252   0x00000000   Code   RO          541    .ARM.Collect$$libinit$$0000001D  c_w.l(libinit2.o)
    0x08000252   0x08000252   0x00000000   Code   RO          543    .ARM.Collect$$libinit$$0000001F  c_w.l(libinit2.o)
    0x08000252   0x08000252   0x00000000   Code   RO          545    .ARM.Collect$$libinit$$00000021  c_w.l(libinit2.o)
    0x08000252   0x08000252   0x00000000   Code   RO          547    .ARM.Collect$$libinit$$00000023  c_w.l(libinit2.o)
    0x08000252   0x08000252   0x00000000   Code   RO          549    .ARM.Collect$$libinit$$00000025  c_w.l(libinit2.o)
    0x08000252   0x08000252   0x00000000   Code   RO          551    .ARM.Collect$$libinit$$00000027  c_w.l(libinit2.o)
    0x08000252   0x08000252   0x00000000   Code   RO          555    .ARM.Collect$$libinit$$0000002E  c_w.l(libinit2.o)
    0x08000252   0x08000252   0x00000000   Code   RO          557    .ARM.Collect$$libinit$$00000030  c_w.l(libinit2.o)
    0x08000252   0x08000252   0x00000000   Code   RO          559    .ARM.Collect$$libinit$$00000032  c_w.l(libinit2.o)
    0x08000252   0x08000252   0x00000000   Code   RO          561    .ARM.Collect$$libinit$$00000034  c_w.l(libinit2.o)
    0x08000252   0x08000252   0x00000002   Code   RO          562    .ARM.Collect$$libinit$$00000035  c_w.l(libinit2.o)
    0x08000254   0x08000254   0x00000002   Code   RO          597    .ARM.Collect$$libshutdown$$00000000  c_w.l(libshutdown.o)
    0x08000256   0x08000256   0x00000000   Code   RO          625    .ARM.Collect$$libshutdown$$00000002  c_w.l(libshutdown2.o)
    0x08000256   0x08000256   0x00000000   Code   RO          627    .ARM.Collect$$libshutdown$$00000004  c_w.l(libshutdown2.o)
    0x08000256   0x08000256   0x00000000   Code   RO          630    .ARM.Collect$$libshutdown$$00000007  c_w.l(libshutdown2.o)
    0x08000256   0x08000256   0x00000000   Code   RO          633    .ARM.Collect$$libshutdown$$0000000A  c_w.l(libshutdown2.o)
    0x08000256   0x08000256   0x00000000   Code   RO          635    .ARM.Collect$$libshutdown$$0000000C  c_w.l(libshutdown2.o)
    0x08000256   0x08000256   0x00000000   Code   RO          638    .ARM.Collect$$libshutdown$$0000000F  c_w.l(libshutdown2.o)
    0x08000256   0x08000256   0x00000002   Code   RO          639    .ARM.Collect$$libshutdown$$00000010  c_w.l(libshutdown2.o)
    0x08000258   0x08000258   0x00000000   Code   RO          467    .ARM.Collect$$rtentry$$00000000  c_w.l(__rtentry.o)
    0x08000258   0x08000258   0x00000000   Code   RO          475    .ARM.Collect$$rtentry$$00000002  c_w.l(__rtentry2.o)
    0x08000258   0x08000258   0x00000006   Code   RO          487    .ARM.Collect$$rtentry$$00000004  c_w.l(__rtentry4.o)
    0x0800025e   0x0800025e   0x00000000   Code   RO          477    .ARM.Collect$$rtentry$$00000009  c_w.l(__rtentry2.o)
    0x0800025e   0x0800025e   0x00000004   Code   RO          478    .ARM.Collect$$rtentry$$0000000A  c_w.l(__rtentry2.o)
    0x08000262   0x08000262   0x00000000   Code   RO          480    .ARM.Collect$$rtentry$$0000000C  c_w.l(__rtentry2.o)
    0x08000262   0x08000262   0x00000008   Code   RO          481    .ARM.Collect$$rtentry$$0000000D  c_w.l(__rtentry2.o)
    0x0800026a   0x0800026a   0x00000002   Code   RO          508    .ARM.Collect$$rtexit$$00000000  c_w.l(rtexit.o)
    0x0800026c   0x0800026c   0x00000000   Code   RO          568    .ARM.Collect$$rtexit$$00000002  c_w.l(rtexit2.o)
    0x0800026c   0x0800026c   0x00000004   Code   RO          569    .ARM.Collect$$rtexit$$00000003  c_w.l(rtexit2.o)
    0x08000270   0x08000270   0x00000006   Code   RO          570    .ARM.Collect$$rtexit$$00000004  c_w.l(rtexit2.o)
    0x08000276   0x08000276   0x00000002   PAD
    0x08000278   0x08000278   0x00000040   Code   RO            4    .text               startup_stm32g431xx.o
    0x080002b8   0x080002b8   0x000000f0   Code   RO          455    .text               c_w.l(lludivv7m.o)
    0x080003a8   0x080003a8   0x0000008a   Code   RO          457    .text               c_w.l(rt_memcpy_v6.o)
    0x08000432   0x08000432   0x0000004e   Code   RO          461    .text               c_w.l(rt_memclr_w.o)
    0x08000480   0x08000480   0x00000006   Code   RO          463    .text               c_w.l(heapauxi.o)
    0x08000486   0x08000486   0x00000064   Code   RO          472    .text               c_w.l(rt_memcpy_w.o)
    0x080004ea   0x080004ea   0x0000004a   Code   RO          491    .text               c_w.l(sys_stackheap_outer.o)
    0x08000534   0x08000534   0x00000012   Code   RO          493    .text               c_w.l(exit.o)
    0x08000546   0x08000546   0x00000002   PAD
    0x08000548   0x08000548   0x00000008   Code   RO          505    .text               c_w.l(libspace.o)
    0x08000550   0x08000550   0x0000000c   Code   RO          563    .text               c_w.l(sys_exit.o)
    0x0800055c   0x0800055c   0x00000002   Code   RO          586    .text               c_w.l(use_no_semi.o)
    0x0800055e   0x0800055e   0x00000000   Code   RO          588    .text               c_w.l(indicate_semi.o)
    0x0800055e   0x0800055e   0x0000007c   Code   RO          389    .text.BISS1_SPI_DeInit  biss_c_master_hal.o
    0x080005da   0x080005da   0x00000230   Code   RO          363    .text.BISS1_SPI_Init  biss_c_master_hal.o
    0x0800080a   0x0800080a   0x00000078   Code   RO          391    .text.BISS2_SPI_DeInit  biss_c_master_hal.o
    0x08000882   0x08000882   0x000001fe   Code   RO          365    .text.BISS2_SPI_Init  biss_c_master_hal.o
    0x08000a80   0x08000a80   0x0000006e   Code   RO          347    .text.BiSS1_SPI_CDM_Req  biss_c_master_hal.o
    0x08000aee   0x08000aee   0x0000007c   Code   RO          353    .text.BiSS1_SPI_nCDM_Req  biss_c_master_hal.o
    0x08000b6a   0x08000b6a   0x00000074   Code   RO          349    .text.BiSS2_SPI_CDM_Req  biss_c_master_hal.o
    0x08000bde   0x08000bde   0x00000058   Code   RO          355    .text.BiSS2_SPI_nCDM_Req  biss_c_master_hal.o
    0x08000c36   0x08000c36   0x0000000e   Code   RO          442    .text.BiSSGetFaultState  biss_c_master.o
    0x08000c44   0x08000c44   0x00000030   Code   RO          434    .text.BiSSRequestRead  biss_c_master.o
    0x08000c74   0x08000c74   0x00000030   Code   RO          436    .text.BiSSRequestWrite  biss_c_master.o
    0x08000ca4   0x08000ca4   0x00000030   Code   RO          440    .text.BiSSResetExternalState  biss_c_master.o
    0x08000cd4   0x08000cd4   0x00000586   Code   RO          361    .text.BiSS_C_Master_HAL_Init  biss_c_master_hal.o
    0x0800125a   0x0800125a   0x00000002   PAD
    0x0800125c   0x0800125c   0x000002a0   Code   RO          438    .text.BiSS_C_Master_StateMachine  biss_c_master.o
    0x080014fc   0x080014fc   0x00000074   Code   RO          345    .text.BissRequest_CDM  biss_c_master_hal.o
    0x08001570   0x08001570   0x00000074   Code   RO          351    .text.BissRequest_nCDM  biss_c_master_hal.o
    0x080015e4   0x080015e4   0x00000002   Code   RO           79    .text.BusFault_Handler  stm32g4xx_it.o
    0x080015e6   0x080015e6   0x00000038   Code   RO          395    .text.Change_Current_Mode  biss_c_master_hal.o
    0x0800161e   0x0800161e   0x00000020   Code   RO          397    .text.Change_Current_Sensor_Mode  biss_c_master_hal.o
    0x0800163e   0x0800163e   0x00000002   PAD
    0x08001640   0x08001640   0x0000032a   Code   RO          359    .text.Current_Sensor_Init  biss_c_master_hal.o
    0x0800196a   0x0800196a   0x00000002   Code   RO           85    .text.DebugMon_Handler  stm32g4xx_it.o
    0x0800196c   0x0800196c   0x00000010   Code   RO          371    .text.EncoderPowerDisable  biss_c_master_hal.o
    0x0800197c   0x0800197c   0x00000010   Code   RO          369    .text.EncoderPowerEnable  biss_c_master_hal.o
    0x0800198c   0x0800198c   0x0000000e   Code   RO          375    .text.EncoderSecondPowerDisable  biss_c_master_hal.o
    0x0800199a   0x0800199a   0x0000000e   Code   RO          373    .text.EncoderSecondPowerEnable  biss_c_master_hal.o
    0x080019a8   0x080019a8   0x00000002   Code   RO           75    .text.HardFault_Handler  stm32g4xx_it.o
    0x080019aa   0x080019aa   0x0000000c   Code   RO          432    .text.IsBiSSReqBusy  biss_c_master.o
    0x080019b6   0x080019b6   0x00000048   Code   RO          148    .text.LL_ADC_CommonInit  stm32g4xx_ll_adc.o
    0x080019fe   0x080019fe   0x00000002   PAD
    0x08001a00   0x08001a00   0x000001c4   Code   RO          152    .text.LL_ADC_DeInit  stm32g4xx_ll_adc.o
    0x08001bc4   0x08001bc4   0x00000028   Code   RO          154    .text.LL_ADC_Init   stm32g4xx_ll_adc.o
    0x08001bec   0x08001bec   0x00000050   Code   RO          158    .text.LL_ADC_REG_Init  stm32g4xx_ll_adc.o
    0x08001c3c   0x08001c3c   0x000000de   Code   RO          134    .text.LL_GPIO_Init  stm32g4xx_ll_gpio.o
    0x08001d1a   0x08001d1a   0x00000028   Code   RO           96    .text.LL_Init1msTick  stm32g4xx_ll_utils.o
    0x08001d42   0x08001d42   0x00000002   PAD
    0x08001d44   0x08001d44   0x000000a0   Code   RO          199    .text.LL_LPUART_Init  stm32g4xx_ll_lpuart.o
    0x08001de4   0x08001de4   0x0000007a   Code   RO          223    .text.LL_RCC_GetLPUARTClockFreq  stm32g4xx_ll_rcc.o
    0x08001e5e   0x08001e5e   0x00000080   Code   RO          219    .text.LL_RCC_GetUARTClockFreq  stm32g4xx_ll_rcc.o
    0x08001ede   0x08001ede   0x000000e8   Code   RO          217    .text.LL_RCC_GetUSARTClockFreq  stm32g4xx_ll_rcc.o
    0x08001fc6   0x08001fc6   0x00000076   Code   RO          265    .text.LL_SPI_DeInit  stm32g4xx_ll_spi.o
    0x0800203c   0x0800203c   0x0000000c   Code   RO          100    .text.LL_SetSystemCoreClock  stm32g4xx_ll_utils.o
    0x08002048   0x08002048   0x000000f2   Code   RO          300    .text.LL_TIM_Init   stm32g4xx_ll_tim.o
    0x0800213a   0x0800213a   0x00000002   PAD
    0x0800213c   0x0800213c   0x00000124   Code   RO          249    .text.LL_USART_Init  stm32g4xx_ll_usart.o
    0x08002260   0x08002260   0x00000112   Code   RO          367    .text.MX_TIM3_ENC_Init  biss_c_master_hal.o
    0x08002372   0x08002372   0x00000002   PAD
    0x08002374   0x08002374   0x00000002   Code   RO           77    .text.MemManage_Handler  stm32g4xx_it.o
    0x08002376   0x08002376   0x00000002   PAD
    0x08002378   0x08002378   0x00000002   Code   RO           73    .text.NMI_Handler   stm32g4xx_it.o
    0x0800237a   0x0800237a   0x00000002   Code   RO           87    .text.PendSV_Handler  stm32g4xx_it.o
    0x0800237c   0x0800237c   0x00000070   Code   RO          393    .text.Quadrature_Renishaw_DeInit  biss_c_master_hal.o
    0x080023ec   0x080023ec   0x0000006c   Code   RO          215    .text.RCC_GetSystemClockFreq  stm32g4xx_ll_rcc.o
    0x08002458   0x08002458   0x00000040   Code   RO          381    .text.Read_Current_Enc2  biss_c_master_hal.o
    0x08002498   0x08002498   0x00000046   Code   RO          379    .text.Reenable_USART2_RX  biss_c_master_hal.o
    0x080024de   0x080024de   0x00000002   Code   RO           83    .text.SVC_Handler   stm32g4xx_it.o
    0x080024e0   0x080024e0   0x00000028   Code   RO          383    .text.SetBiSS_SPI_Ch  biss_c_master_hal.o
    0x08002508   0x08002508   0x00000018   Code   RO          385    .text.SetCh1SSIFreq  biss_c_master_hal.o
    0x08002520   0x08002520   0x000000f6   Code   RO          387    .text.Stop_Current_Mode  biss_c_master_hal.o
    0x08002616   0x08002616   0x00000002   PAD
    0x08002618   0x08002618   0x000000d2   Code   RO           60    .text.SystemClock_Config  main.o
    0x080026ea   0x080026ea   0x00000012   Code   RO          330    .text.SystemInit    system_stm32g4xx.o
    0x080026fc   0x080026fc   0x00000698   Code   RO          357    .text.TIM7_IRQHandler  biss_c_master_hal.o
    0x08002d94   0x08002d94   0x0000007e   Code   RO           15    .text.UART_Config   uart.o
    0x08002e12   0x08002e12   0x00000002   PAD
    0x08002e14   0x08002e14   0x00000d46   Code   RO           23    .text.UART_StateMachine  uart.o
    0x08003b5a   0x08003b5a   0x00000002   PAD
    0x08003b5c   0x08003b5c   0x00000060   Code   RO           21    .text.UART_Transmit  uart.o
    0x08003bbc   0x08003bbc   0x000000e0   Code   RO          377    .text.USART2_Write_Read_IRS  biss_c_master_hal.o
    0x08003c9c   0x08003c9c   0x00000002   Code   RO           81    .text.UsageFault_Handler  stm32g4xx_it.o
    0x08003c9e   0x08003c9e   0x00000002   PAD
    0x08003ca0   0x08003ca0   0x00000024   Code   RO           25    .text.__NVIC_SystemReset  uart.o
    0x08003cc4   0x08003cc4   0x0000046a   Code   RO           58    .text.main          main.o
    0x0800412e   0x0800412e   0x0000001a   Code   RO          580    x$fpl$fpinit        fz_wm.l(fpinit.o)
    0x08004148   0x08004148   0x00000010   Data   RO          335    .rodata.AHBPrescTable  system_stm32g4xx.o
    0x08004158   0x08004158   0x00000008   Data   RO          336    .rodata.APBPrescTable  system_stm32g4xx.o
    0x08004160   0x08004160   0x00000100   Data   RO          423    .rodata.CRC6_LUT    biss_c_master_hal.o
    0x08004260   0x08004260   0x00000010   Data   RO          445    .rodata.cst16       biss_c_master.o
    0x08004270   0x08004270   0x00000020   Data   RO          641    Region$$Table       anon$$obj.o


    Execution Region RW_IRAM1 (Exec base: 0x20000000, Load base: 0x08004290, Size: 0x00002950, Max: 0x00008000, ABSOLUTE)

    Exec Addr    Load Addr    Size         Type   Attr      Idx    E Section Name        Object

    0x20000000   0x08004290   0x00000001   Data   RW          404    .data.BiSS_SPI_Ch   biss_c_master_hal.o
    0x20000001   0x08004291   0x00000001   Data   RW          405    .data.CH1_SSI       biss_c_master_hal.o
    0x20000002   0x08004292   0x00000001   Data   RW          409    .data.CRC6_State1   biss_c_master_hal.o
    0x20000003   0x08004293   0x00000001   Data   RW          410    .data.CRC6_State2   biss_c_master_hal.o
    0x20000004   0x08004294   0x00000001   Data   RW          403    .data.Current_Mode  biss_c_master_hal.o
    0x20000005   0x08004295   0x00000001   Data   RW          406    .data.Current_Sensor_Mode  biss_c_master_hal.o
    0x20000006   0x08004296   0x00000002   PAD
    0x20000008   0x08004298   0x00000008   Data   RW          407    .data.PWR1_EN_PIN   biss_c_master_hal.o
    0x20000010   0x080042a0   0x00000001   Data   RW          413    .data.RS485_ADR     biss_c_master_hal.o
    0x20000011   0x080042a1   0x00000003   PAD
    0x20000014   0x080042a4   0x00000004   Data   RW          334    .data.SystemCoreClock  system_stm32g4xx.o
    0x20000018   0x080042a8   0x00000001   Data   RW          408    .data.USART_CDS_last  biss_c_master_hal.o
    0x20000019   0x080042a9   0x00000001   Data   RW          411    .data.last_CDM      biss_c_master_hal.o
    0x2000001a   0x080042aa   0x00000006   PAD
    0x20000020        -       0x00000060   Zero   RW          506    .bss                c_w.l(libspace.o)
    0x20000080        -       0x00000004   Zero   RW          415    .bss.AngleData1     biss_c_master_hal.o
    0x20000084        -       0x00000004   Zero   RW          419    .bss.AngleData2     biss_c_master_hal.o
    0x20000088        -       0x00000002   Zero   RW          422    .bss.AngleDataRenishaw  biss_c_master_hal.o
    0x2000008a   0x080042aa   0x00000002   PAD
    0x2000008c        -       0x00000004   Zero   RW          416    .bss.BISS1_SCD      biss_c_master_hal.o
    0x20000090        -       0x00000004   Zero   RW          418    .bss.BISS2_SCD      biss_c_master_hal.o
    0x20000094        -       0x00000024   Zero   RW          444    .bss.BiSS           biss_c_master.o
    0x200000b8        -       0x00000008   Zero   RW          414    .bss.BiSS1_SPI_rx   biss_c_master_hal.o
    0x200000c0        -       0x00000008   Zero   RW          417    .bss.BiSS2_SPI_rx   biss_c_master_hal.o
    0x200000c8        -       0x000012d8   Zero   RW           45    .bss.CommandQueue   uart.o
    0x200013a0        -       0x00000408   Zero   RW           49    .bss.ReadingStrEnc1  uart.o
    0x200017a8        -       0x00000408   Zero   RW           48    .bss.ReadingStrEnc2  uart.o
    0x20001bb0        -       0x00000204   Zero   RW           47    .bss.ReadingStrRenishaw  uart.o
    0x20001db4        -       0x00000004   Zero   RW          399    .bss.SSI_HALF_FREQ_FLAG  biss_c_master_hal.o
    0x20001db8        -       0x00000001   Zero   RW           31    .bss.UART_Error     uart.o
    0x20001db9        -       0x00000001   Zero   RW           32    .bss.UART_State     uart.o
    0x20001dba        -       0x00000100   Zero   RW           46    .bss.UART_TX        uart.o
    0x20001eba   0x080042aa   0x00000002   PAD
    0x20001ebc        -       0x00000004   Zero   RW          420    .bss.USART_rx       biss_c_master_hal.o
    0x20001ec0        -       0x00000002   Zero   RW          402    .bss.adc1_buffer    biss_c_master_hal.o
    0x20001ec2        -       0x00000001   Zero   RW          421    .bss.adr_reset_cou  biss_c_master_hal.o
    0x20001ec3        -       0x00000001   Zero   RW          412    .bss.crc            biss_c_master_hal.o
    0x20001ec4        -       0x00000004   Zero   RW           36    .bss.dma_rx_cnt     uart.o
    0x20001ec8        -       0x00000085   Zero   RW           35    .bss.hex_line_buffer  uart.o
    0x20001f4d        -       0x00000001   Zero   RW           43    .bss.queue_cnt      uart.o
    0x20001f4e        -       0x00000001   Zero   RW           41    .bss.queue_read_cnt  uart.o
    0x20001f4f        -       0x00000001   Zero   RW           42    .bss.queue_write_cnt  uart.o
    0x20001f50        -       0x00000001   Zero   RW           44    .bss.retry_cnt      uart.o
    0x20001f51   0x080042aa   0x00000003   PAD
    0x20001f54        -       0x00000004   Zero   RW           37    .bss.uart_expected_length  uart.o
    0x20001f58        -       0x00000001   Zero   RW           38    .bss.uart_length    uart.o
    0x20001f59   0x080042aa   0x00000003   PAD
    0x20001f5c        -       0x000000fc   Zero   RW          401    .bss.usart2_rx_buffer  biss_c_master_hal.o
    0x20002058        -       0x000000fc   Zero   RW          400    .bss.usart2_tx_buffer  biss_c_master_hal.o
    0x20002154        -       0x00000100   Zero   RW           33    .bss.usb_rx_buffer  uart.o
    0x20002254        -       0x000000fc   Zero   RW           34    .bss.usb_tx_buffer  uart.o
    0x20002350        -       0x00000200   Zero   RW            2    HEAP                startup_stm32g431xx.o
    0x20002550        -       0x00000400   Zero   RW            1    STACK               startup_stm32g431xx.o


==============================================================================

Image component sizes


      Code (inc. data)   RO Data    RW Data    ZI Data      Debug   Object Name

       842         20         16          0         36       5195   biss_c_master.o
      7098         32        256         17        550      40079   biss_c_master_hal.o
      1340          0          0          0          0      15451   main.o
        64         26        472          0       1536        904   startup_stm32g431xx.o
        16          0          0          0          0        993   stm32g4xx_it.o
       644          0          0          0          0       7254   stm32g4xx_ll_adc.o
       222          0          0          0          0       4016   stm32g4xx_ll_gpio.o
       160         24          0          0          0       4290   stm32g4xx_ll_lpuart.o
       590          0          0          0          0      13393   stm32g4xx_ll_rcc.o
       118          0          0          0          0       5392   stm32g4xx_ll_spi.o
       242          0          0          0          0      13278   stm32g4xx_ll_tim.o
       292         48          0          0          0       5806   stm32g4xx_ll_usart.o
        52          0          0          0          0       8850   stm32g4xx_ll_utils.o
        18          0         24          4          0       2805   system_stm32g4xx.o
      3656         98          0          0       8316      15839   uart.o

    ----------------------------------------------------------------------
     15376        248        800         28      10452     143545   Object Totals
         0          0         32          0          0          0   (incl. Generated)
        22          0          0          7         14          0   (incl. Padding)

    ----------------------------------------------------------------------

      Code (inc. data)   RO Data    RW Data    ZI Data      Debug   Library Member Name

         8          0          0          0          0         68   __main.o
         0          0          0          0          0          0   __rtentry.o
        12          0          0          0          0          0   __rtentry2.o
         6          0          0          0          0          0   __rtentry4.o
        52          8          0          0          0          0   __scatter.o
        26          0          0          0          0          0   __scatter_copy.o
        28          0          0          0          0          0   __scatter_zi.o
        18          0          0          0          0         80   exit.o
         6          0          0          0          0        152   heapauxi.o
         0          0          0          0          0          0   indicate_semi.o
         2          0          0          0          0          0   libinit.o
         6          0          0          0          0          0   libinit2.o
         2          0          0          0          0          0   libshutdown.o
         2          0          0          0          0          0   libshutdown2.o
         8          4          0          0         96         68   libspace.o
       240          0          0          0          0        100   lludivv7m.o
        78          0          0          0          0         80   rt_memclr_w.o
       138          0          0          0          0         68   rt_memcpy_v6.o
       100          0          0          0          0         80   rt_memcpy_w.o
         2          0          0          0          0          0   rtexit.o
        10          0          0          0          0          0   rtexit2.o
        12          4          0          0          0         68   sys_exit.o
        74          0          0          0          0         80   sys_stackheap_outer.o
         2          0          0          0          0         68   use_no_semi.o
        26          0          0          0          0        116   fpinit.o

    ----------------------------------------------------------------------
       864         16          0          0         96       1028   Library Totals
         6          0          0          0          0          0   (incl. Padding)

    ----------------------------------------------------------------------

      Code (inc. data)   RO Data    RW Data    ZI Data      Debug   Library Name

       832         16          0          0         96        912   c_w.l
        26          0          0          0          0        116   fz_wm.l

    ----------------------------------------------------------------------
       864         16          0          0         96       1028   Library Totals

    ----------------------------------------------------------------------

==============================================================================


      Code (inc. data)   RO Data    RW Data    ZI Data      Debug   

     16240        264        800         28      10548     143949   Grand Totals
     16240        264        800         28      10548     143949   ELF Image Totals
     16240        264        800         28          0          0   ROM Totals

==============================================================================

    Total RO  Size (Code + RO Data)                17040 (  16.64kB)
    Total RW  Size (RW Data + ZI Data)             10576 (  10.33kB)
    Total ROM Size (Code + RO Data + RW Data)      17068 (  16.67kB)

==============================================================================

